2026-07-28 19:54:54,247 - INFO - Successfully updated icon cache for ~/.local/share/icons/hicolor
2026-07-28 19:54:54,305 - INFO - Successfully updated icon cache for ~/.local/share/icons/hicolor
2026-07-28 19:54:54,490 - INFO - Tray Icon Path Audit: Resolving absolute assets directory to /home/websrp/SmartSort/assets/icons
2026-07-28 19:54:54,491 - INFO - Tray Icon Audit - State: STARTUP | Loaded Method: fromTheme | isNull: False
2026-07-28 19:54:54,491 - INFO -   - Size 16x16 (installed theme): Path: /home/websrp/.local/share/icons/hicolor/16x16/apps/smartsort-yellow.png | Exist: True | Dimensions: 16x16
2026-07-28 19:54:54,491 - INFO -   - Size 22x22 (installed theme): Path: /home/websrp/.local/share/icons/hicolor/22x22/apps/smartsort-yellow.png | Exist: True | Dimensions: 22x22
2026-07-28 19:54:54,492 - INFO -   - Size 24x24 (installed theme): Path: /home/websrp/.local/share/icons/hicolor/24x24/apps/smartsort-yellow.png | Exist: True | Dimensions: 24x24
2026-07-28 19:54:54,492 - INFO -   - Size 32x32 (installed theme): Path: /home/websrp/.local/share/icons/hicolor/32x32/apps/smartsort-yellow.png | Exist: True | Dimensions: 32x32
2026-07-28 19:54:54,493 - INFO -   - Size scalable (installed theme): Path: /home/websrp/.local/share/icons/hicolor/scalable/apps/smartsort-yellow.png | Exist: True | Dimensions: 165x173
2026-07-28 19:54:54,494 - INFO - Tray Icon Audit - State: IDLE | Loaded Method: fromTheme | isNull: False
2026-07-28 19:54:54,494 - INFO -   - Size 16x16 (installed theme): Path: /home/websrp/.local/share/icons/hicolor/16x16/apps/smartsort-green.png | Exist: True | Dimensions: 16x16
2026-07-28 19:54:54,494 - INFO -   - Size 22x22 (installed theme): Path: /home/websrp/.local/share/icons/hicolor/22x22/apps/smartsort-green.png | Exist: True | Dimensions: 22x22
2026-07-28 19:54:54,494 - INFO -   - Size 24x24 (installed theme): Path: /home/websrp/.local/share/icons/hicolor/24x24/apps/smartsort-green.png | Exist: True | Dimensions: 24x24
2026-07-28 19:54:54,494 - INFO -   - Size 32x32 (installed theme): Path: /home/websrp/.local/share/icons/hicolor/32x32/apps/smartsort-green.png | Exist: True | Dimensions: 32x32
2026-07-28 19:54:54,495 - INFO -   - Size scalable (installed theme): Path: /home/websrp/.local/share/icons/hicolor/scalable/apps/smartsort-green.png | Exist: True | Dimensions: 180x183
2026-07-28 19:54:54,496 - INFO - Tray Icon Audit - State: PROCESSING_SMALL | Loaded Method: fromTheme | isNull: False
2026-07-28 19:54:54,496 - INFO -   - Size 16x16 (installed theme): Path: /home/websrp/.local/share/icons/hicolor/16x16/apps/smartsort-blue.png | Exist: True | Dimensions: 16x16
2026-07-28 19:54:54,496 - INFO -   - Size 22x22 (installed theme): Path: /home/websrp/.local/share/icons/hicolor/22x22/apps/smartsort-blue.png | Exist: True | Dimensions: 22x22
2026-07-28 19:54:54,497 - INFO -   - Size 24x24 (installed theme): Path: /home/websrp/.local/share/icons/hicolor/24x24/apps/smartsort-blue.png | Exist: True | Dimensions: 24x24
2026-07-28 19:54:54,497 - INFO -   - Size 32x32 (installed theme): Path: /home/websrp/.local/share/icons/hicolor/32x32/apps/smartsort-blue.png | Exist: True | Dimensions: 32x32
2026-07-28 19:54:54,497 - INFO -   - Size scalable (installed theme): Path: /home/websrp/.local/share/icons/hicolor/scalable/apps/smartsort-blue.png | Exist: True | Dimensions: 163x172
2026-07-28 19:54:54,499 - INFO - Tray Icon Audit - State: PROCESSING_LARGE | Loaded Method: fromTheme | isNull: False
2026-07-28 19:54:54,499 - INFO -   - Size 16x16 (installed theme): Path: /home/websrp/.local/share/icons/hicolor/16x16/apps/smartsort-orange.png | Exist: True | Dimensions: 16x16
2026-07-28 19:54:54,499 - INFO -   - Size 22x22 (installed theme): Path: /home/websrp/.local/share/icons/hicolor/22x22/apps/smartsort-orange.png | Exist: True | Dimensions: 22x22
2026-07-28 19:54:54,500 - INFO -   - Size 24x24 (installed theme): Path: /home/websrp/.local/share/icons/hicolor/24x24/apps/smartsort-orange.png | Exist: True | Dimensions: 24x24
2026-07-28 19:54:54,500 - INFO -   - Size 32x32 (installed theme): Path: /home/websrp/.local/share/icons/hicolor/32x32/apps/smartsort-orange.png | Exist: True | Dimensions: 32x32
2026-07-28 19:54:54,501 - INFO -   - Size scalable (installed theme): Path: /home/websrp/.local/share/icons/hicolor/scalable/apps/smartsort-orange.png | Exist: True | Dimensions: 161x160
2026-07-28 19:54:54,503 - INFO - Tray Icon Audit - State: ERROR | Loaded Method: fromTheme | isNull: False
2026-07-28 19:54:54,503 - INFO -   - Size 16x16 (installed theme): Path: /home/websrp/.local/share/icons/hicolor/16x16/apps/smartsort-red.png | Exist: True | Dimensions: 16x16
2026-07-28 19:54:54,503 - INFO -   - Size 22x22 (installed theme): Path: /home/websrp/.local/share/icons/hicolor/22x22/apps/smartsort-red.png | Exist: True | Dimensions: 22x22
2026-07-28 19:54:54,504 - INFO -   - Size 24x24 (installed theme): Path: /home/websrp/.local/share/icons/hicolor/24x24/apps/smartsort-red.png | Exist: True | Dimensions: 24x24
2026-07-28 19:54:54,504 - INFO -   - Size 32x32 (installed theme): Path: /home/websrp/.local/share/icons/hicolor/32x32/apps/smartsort-red.png | Exist: True | Dimensions: 32x32
2026-07-28 19:54:54,504 - INFO -   - Size scalable (installed theme): Path: /home/websrp/.local/share/icons/hicolor/scalable/apps/smartsort-red.png | Exist: True | Dimensions: 147x147
2026-07-28 19:54:54,505 - INFO - Tray Icon Audit - State: PAUSED | Loaded Method: fromTheme | isNull: False
2026-07-28 19:54:54,506 - INFO -   - Size 16x16 (installed theme): Path: /home/websrp/.local/share/icons/hicolor/16x16/apps/smartsort-grey.png | Exist: True | Dimensions: 16x16
2026-07-28 19:54:54,506 - INFO -   - Size 22x22 (installed theme): Path: /home/websrp/.local/share/icons/hicolor/22x22/apps/smartsort-grey.png | Exist: True | Dimensions: 22x22
2026-07-28 19:54:54,506 - INFO -   - Size 24x24 (installed theme): Path: /home/websrp/.local/share/icons/hicolor/24x24/apps/smartsort-grey.png | Exist: True | Dimensions: 24x24
2026-07-28 19:54:54,506 - INFO -   - Size 32x32 (installed theme): Path: /home/websrp/.local/share/icons/hicolor/32x32/apps/smartsort-grey.png | Exist: True | Dimensions: 32x32
2026-07-28 19:54:54,507 - INFO -   - Size scalable (installed theme): Path: /home/websrp/.local/share/icons/hicolor/scalable/apps/smartsort-grey.png | Exist: True | Dimensions: 167x172
2026-07-28 19:59:59,456 - INFO - Successfully updated icon cache for ~/.local/share/icons/hicolor
2026-07-28 19:59:59,518 - INFO - Successfully updated icon cache for ~/.local/share/icons/hicolor
2026-07-28 19:59:59,688 - INFO - Tray Icon Path Audit: Resolving absolute assets directory to /home/websrp/SmartSort/assets/icons
2026-07-28 19:59:59,690 - INFO - Tray Icon Audit - State: STARTUP | Loaded Method: fromTheme | isNull: False
2026-07-28 19:59:59,690 - INFO -   - Size 16x16 (installed theme): Path: /home/websrp/.local/share/icons/hicolor/16x16/apps/smartsort-yellow.png | Exist: True | Dimensions: 16x16
2026-07-28 19:59:59,690 - INFO -   - Size 22x22 (installed theme): Path: /home/websrp/.local/share/icons/hicolor/22x22/apps/smartsort-yellow.png | Exist: True | Dimensions: 22x22
2026-07-28 19:59:59,690 - INFO -   - Size 24x24 (installed theme): Path: /home/websrp/.local/share/icons/hicolor/24x24/apps/smartsort-yellow.png | Exist: True | Dimensions: 24x24
2026-07-28 19:59:59,691 - INFO -   - Size 32x32 (installed theme): Path: /home/websrp/.local/share/icons/hicolor/32x32/apps/smartsort-yellow.png | Exist: True | Dimensions: 32x32
2026-07-28 19:59:59,692 - INFO -   - Size scalable (installed theme): Path: /home/websrp/.local/share/icons/hicolor/scalable/apps/smartsort-yellow.png | Exist: True | Dimensions: 165x173
2026-07-28 19:59:59,694 - INFO - Tray Icon Audit - State: IDLE | Loaded Method: fromTheme | isNull: False
2026-07-28 19:59:59,695 - INFO -   - Size 16x16 (installed theme): Path: /home/websrp/.local/share/icons/hicolor/16x16/apps/smartsort-green.png | Exist: True | Dimensions: 16x16
2026-07-28 19:59:59,695 - INFO -   - Size 22x22 (installed theme): Path: /home/websrp/.local/share/icons/hicolor/22x22/apps/smartsort-green.png | Exist: True | Dimensions: 22x22
2026-07-28 19:59:59,695 - INFO -   - Size 24x24 (installed theme): Path: /home/websrp/.local/share/icons/hicolor/24x24/apps/smartsort-green.png | Exist: True | Dimensions: 24x24
2026-07-28 19:59:59,695 - INFO -   - Size 32x32 (installed theme): Path: /home/websrp/.local/share/icons/hicolor/32x32/apps/smartsort-green.png | Exist: True | Dimensions: 32x32
2026-07-28 19:59:59,697 - INFO -   - Size scalable (installed theme): Path: /home/websrp/.local/share/icons/hicolor/scalable/apps/smartsort-green.png | Exist: True | Dimensions: 180x183
2026-07-28 19:59:59,699 - INFO - Tray Icon Audit - State: PROCESSING_SMALL | Loaded Method: fromTheme | isNull: False
2026-07-28 19:59:59,700 - INFO -   - Size 16x16 (installed theme): Path: /home/websrp/.local/share/icons/hicolor/16x16/apps/smartsort-blue.png | Exist: True | Dimensions: 16x16
2026-07-28 19:59:59,700 - INFO -   - Size 22x22 (installed theme): Path: /home/websrp/.local/share/icons/hicolor/22x22/apps/smartsort-blue.png | Exist: True | Dimensions: 22x22
2026-07-28 19:59:59,700 - INFO -   - Size 24x24 (installed theme): Path: /home/websrp/.local/share/icons/hicolor/24x24/apps/smartsort-blue.png | Exist: True | Dimensions: 24x24
2026-07-28 19:59:59,700 - INFO -   - Size 32x32 (installed theme): Path: /home/websrp/.local/share/icons/hicolor/32x32/apps/smartsort-blue.png | Exist: True | Dimensions: 32x32
2026-07-28 19:59:59,702 - INFO -   - Size scalable (installed theme): Path: /home/websrp/.local/share/icons/hicolor/scalable/apps/smartsort-blue.png | Exist: True | Dimensions: 163x172
2026-07-28 19:59:59,704 - INFO - Tray Icon Audit - State: PROCESSING_LARGE | Loaded Method: fromTheme | isNull: False
2026-07-28 19:59:59,705 - INFO -   - Size 16x16 (installed theme): Path: /home/websrp/.local/share/icons/hicolor/16x16/apps/smartsort-orange.png | Exist: True | Dimensions: 16x16
2026-07-28 19:59:59,705 - INFO -   - Size 22x22 (installed theme): Path: /home/websrp/.local/share/icons/hicolor/22x22/apps/smartsort-orange.png | Exist: True | Dimensions: 22x22
2026-07-28 19:59:59,705 - INFO -   - Size 24x24 (installed theme): Path: /home/websrp/.local/share/icons/hicolor/24x24/apps/smartsort-orange.png | Exist: True | Dimensions: 24x24
2026-07-28 19:59:59,705 - INFO -   - Size 32x32 (installed theme): Path: /home/websrp/.local/share/icons/hicolor/32x32/apps/smartsort-orange.png | Exist: True | Dimensions: 32x32
2026-07-28 19:59:59,707 - INFO -   - Size scalable (installed theme): Path: /home/websrp/.local/share/icons/hicolor/scalable/apps/smartsort-orange.png | Exist: True | Dimensions: 161x160
2026-07-28 19:59:59,709 - INFO - Tray Icon Audit - State: ERROR | Loaded Method: fromTheme | isNull: False
2026-07-28 19:59:59,709 - INFO -   - Size 16x16 (installed theme): Path: /home/websrp/.local/share/icons/hicolor/16x16/apps/smartsort-red.png | Exist: True | Dimensions: 16x16
2026-07-28 19:59:59,709 - INFO -   - Size 22x22 (installed theme): Path: /home/websrp/.local/share/icons/hicolor/22x22/apps/smartsort-red.png | Exist: True | Dimensions: 22x22
2026-07-28 19:59:59,709 - INFO -   - Size 24x24 (installed theme): Path: /home/websrp/.local/share/icons/hicolor/24x24/apps/smartsort-red.png | Exist: True | Dimensions: 24x24
2026-07-28 19:59:59,709 - INFO -   - Size 32x32 (installed theme): Path: /home/websrp/.local/share/icons/hicolor/32x32/apps/smartsort-red.png | Exist: True | Dimensions: 32x32
2026-07-28 19:59:59,710 - INFO -   - Size scalable (installed theme): Path: /home/websrp/.local/share/icons/hicolor/scalable/apps/smartsort-red.png | Exist: True | Dimensions: 147x147
2026-07-28 19:59:59,712 - INFO - Tray Icon Audit - State: PAUSED | Loaded Method: fromTheme | isNull: False
2026-07-28 19:59:59,713 - INFO -   - Size 16x16 (installed theme): Path: /home/websrp/.local/share/icons/hicolor/16x16/apps/smartsort-grey.png | Exist: True | Dimensions: 16x16
2026-07-28 19:59:59,713 - INFO -   - Size 22x22 (installed theme): Path: /home/websrp/.local/share/icons/hicolor/22x22/apps/smartsort-grey.png | Exist: True | Dimensions: 22x22
2026-07-28 19:59:59,713 - INFO -   - Size 24x24 (installed theme): Path: /home/websrp/.local/share/icons/hicolor/24x24/apps/smartsort-grey.png | Exist: True | Dimensions: 24x24
2026-07-28 19:59:59,713 - INFO -   - Size 32x32 (installed theme): Path: /home/websrp/.local/share/icons/hicolor/32x32/apps/smartsort-grey.png | Exist: True | Dimensions: 32x32
2026-07-28 19:59:59,714 - INFO -   - Size scalable (installed theme): Path: /home/websrp/.local/share/icons/hicolor/scalable/apps/smartsort-grey.png | Exist: True | Dimensions: 167x172
2026-07-28 20:03:44,178 - INFO - Successfully updated icon cache for ~/.local/share/icons/hicolor
2026-07-28 20:03:44,245 - INFO - Successfully updated icon cache for ~/.local/share/icons/hicolor
2026-07-28 20:03:44,425 - INFO - Tray Icon Path Audit: Resolving absolute assets directory to /home/websrp/SmartSort/assets/icons
2026-07-28 20:03:44,426 - INFO - Tray Icon Audit - State: STARTUP | Loaded Method: fromTheme | isNull: False
2026-07-28 20:03:44,426 - INFO -   - Size 16x16 (installed theme): Path: /home/websrp/.local/share/icons/hicolor/16x16/apps/smartsort-yellow.png | Exist: True | Dimensions: 16x16
2026-07-28 20:03:44,426 - INFO -   - Size 22x22 (installed theme): Path: /home/websrp/.local/share/icons/hicolor/22x22/apps/smartsort-yellow.png | Exist: True | Dimensions: 22x22
2026-07-28 20:03:44,426 - INFO -   - Size 24x24 (installed theme): Path: /home/websrp/.local/share/icons/hicolor/24x24/apps/smartsort-yellow.png | Exist: True | Dimensions: 24x24
2026-07-28 20:03:44,426 - INFO -   - Size 32x32 (installed theme): Path: /home/websrp/.local/share/icons/hicolor/32x32/apps/smartsort-yellow.png | Exist: True | Dimensions: 32x32
2026-07-28 20:03:44,427 - INFO -   - Size scalable (installed theme): Path: /home/websrp/.local/share/icons/hicolor/scalable/apps/smartsort-yellow.png | Exist: True | Dimensions: 165x173
2026-07-28 20:03:44,428 - INFO - Tray Icon Audit - State: IDLE | Loaded Method: fromTheme | isNull: False
2026-07-28 20:03:44,428 - INFO -   - Size 16x16 (installed theme): Path: /home/websrp/.local/share/icons/hicolor/16x16/apps/smartsort-green.png | Exist: True | Dimensions: 16x16
2026-07-28 20:03:44,428 - INFO -   - Size 22x22 (installed theme): Path: /home/websrp/.local/share/icons/hicolor/22x22/apps/smartsort-green.png | Exist: True | Dimensions: 22x22
2026-07-28 20:03:44,428 - INFO -   - Size 24x24 (installed theme): Path: /home/websrp/.local/share/icons/hicolor/24x24/apps/smartsort-green.png | Exist: True | Dimensions: 24x24
2026-07-28 20:03:44,429 - INFO -   - Size 32x32 (installed theme): Path: /home/websrp/.local/share/icons/hicolor/32x32/apps/smartsort-green.png | Exist: True | Dimensions: 32x32
2026-07-28 20:03:44,429 - INFO -   - Size scalable (installed theme): Path: /home/websrp/.local/share/icons/hicolor/scalable/apps/smartsort-green.png | Exist: True | Dimensions: 180x183
2026-07-28 20:03:44,430 - INFO - Tray Icon Audit - State: PROCESSING_SMALL | Loaded Method: fromTheme | isNull: False
2026-07-28 20:03:44,430 - INFO -   - Size 16x16 (installed theme): Path: /home/websrp/.local/share/icons/hicolor/16x16/apps/smartsort-blue.png | Exist: True | Dimensions: 16x16
2026-07-28 20:03:44,431 - INFO -   - Size 22x22 (installed theme): Path: /home/websrp/.local/share/icons/hicolor/22x22/apps/smartsort-blue.png | Exist: True | Dimensions: 22x22
2026-07-28 20:03:44,431 - INFO -   - Size 24x24 (installed theme): Path: /home/websrp/.local/share/icons/hicolor/24x24/apps/smartsort-blue.png | Exist: True | Dimensions: 24x24
2026-07-28 20:03:44,431 - INFO -   - Size 32x32 (installed theme): Path: /home/websrp/.local/share/icons/hicolor/32x32/apps/smartsort-blue.png | Exist: True | Dimensions: 32x32
2026-07-28 20:03:44,431 - INFO -   - Size scalable (installed theme): Path: /home/websrp/.local/share/icons/hicolor/scalable/apps/smartsort-blue.png | Exist: True | Dimensions: 163x172
2026-07-28 20:03:44,432 - INFO - Tray Icon Audit - State: PROCESSING_LARGE | Loaded Method: fromTheme | isNull: False
2026-07-28 20:03:44,433 - INFO -   - Size 16x16 (installed theme): Path: /home/websrp/.local/share/icons/hicolor/16x16/apps/smartsort-orange.png | Exist: True | Dimensions: 16x16
2026-07-28 20:03:44,433 - INFO -   - Size 22x22 (installed theme): Path: /home/websrp/.local/share/icons/hicolor/22x22/apps/smartsort-orange.png | Exist: True | Dimensions: 22x22
2026-07-28 20:03:44,433 - INFO -   - Size 24x24 (installed theme): Path: /home/websrp/.local/share/icons/hicolor/24x24/apps/smartsort-orange.png | Exist: True | Dimensions: 24x24
2026-07-28 20:03:44,433 - INFO -   - Size 32x32 (installed theme): Path: /home/websrp/.local/share/icons/hicolor/32x32/apps/smartsort-orange.png | Exist: True | Dimensions: 32x32
2026-07-28 20:03:44,434 - INFO -   - Size scalable (installed theme): Path: /home/websrp/.local/share/icons/hicolor/scalable/apps/smartsort-orange.png | Exist: True | Dimensions: 161x160
2026-07-28 20:03:44,435 - INFO - Tray Icon Audit - State: ERROR | Loaded Method: fromTheme | isNull: False
2026-07-28 20:03:44,435 - INFO -   - Size 16x16 (installed theme): Path: /home/websrp/.local/share/icons/hicolor/16x16/apps/smartsort-red.png | Exist: True | Dimensions: 16x16
2026-07-28 20:03:44,435 - INFO -   - Size 22x22 (installed theme): Path: /home/websrp/.local/share/icons/hicolor/22x22/apps/smartsort-red.png | Exist: True | Dimensions: 22x22
2026-07-28 20:03:44,435 - INFO -   - Size 24x24 (installed theme): Path: /home/websrp/.local/share/icons/hicolor/24x24/apps/smartsort-red.png | Exist: True | Dimensions: 24x24
2026-07-28 20:03:44,435 - INFO -   - Size 32x32 (installed theme): Path: /home/websrp/.local/share/icons/hicolor/32x32/apps/smartsort-red.png | Exist: True | Dimensions: 32x32
2026-07-28 20:03:44,435 - INFO -   - Size scalable (installed theme): Path: /home/websrp/.local/share/icons/hicolor/scalable/apps/smartsort-red.png | Exist: True | Dimensions: 147x147
2026-07-28 20:03:44,436 - INFO - Tray Icon Audit - State: PAUSED | Loaded Method: fromTheme | isNull: False
2026-07-28 20:03:44,437 - INFO -   - Size 16x16 (installed theme): Path: /home/websrp/.local/share/icons/hicolor/16x16/apps/smartsort-grey.png | Exist: True | Dimensions: 16x16
2026-07-28 20:03:44,437 - INFO -   - Size 22x22 (installed theme): Path: /home/websrp/.local/share/icons/hicolor/22x22/apps/smartsort-grey.png | Exist: True | Dimensions: 22x22
2026-07-28 20:03:44,437 - INFO -   - Size 24x24 (installed theme): Path: /home/websrp/.local/share/icons/hicolor/24x24/apps/smartsort-grey.png | Exist: True | Dimensions: 24x24
2026-07-28 20:03:44,437 - INFO -   - Size 32x32 (installed theme): Path: /home/websrp/.local/share/icons/hicolor/32x32/apps/smartsort-grey.png | Exist: True | Dimensions: 32x32
2026-07-28 20:03:44,438 - INFO -   - Size scalable (installed theme): Path: /home/websrp/.local/share/icons/hicolor/scalable/apps/smartsort-grey.png | Exist: True | Dimensions: 167x172
2026-07-28 20:27:32,509 - INFO - Successfully updated icon cache for ~/.local/share/icons/hicolor
2026-07-28 20:27:32,558 - INFO - Successfully updated icon cache for ~/.local/share/icons/hicolor
2026-07-28 20:27:32,719 - INFO - Tray Icon Path Audit: Resolving absolute assets directory to /home/websrp/SmartSort/assets/icons
2026-07-28 20:27:32,720 - INFO - Tray Icon Audit - State: STARTUP | Loaded Method: fromTheme | isNull: False
2026-07-28 20:27:32,721 - INFO -   - Size 16x16 (installed theme): Path: /home/websrp/.local/share/icons/hicolor/16x16/apps/smartsort-yellow.png | Exist: True | Dimensions: 16x16
2026-07-28 20:27:32,721 - INFO -   - Size 22x22 (installed theme): Path: /home/websrp/.local/share/icons/hicolor/22x22/apps/smartsort-yellow.png | Exist: True | Dimensions: 22x22
2026-07-28 20:27:32,721 - INFO -   - Size 24x24 (installed theme): Path: /home/websrp/.local/share/icons/hicolor/24x24/apps/smartsort-yellow.png | Exist: True | Dimensions: 24x24
2026-07-28 20:27:32,721 - INFO -   - Size 32x32 (installed theme): Path: /home/websrp/.local/share/icons/hicolor/32x32/apps/smartsort-yellow.png | Exist: True | Dimensions: 32x32
2026-07-28 20:27:32,722 - INFO -   - Size scalable (installed theme): Path: /home/websrp/.local/share/icons/hicolor/scalable/apps/smartsort-yellow.png | Exist: True | Dimensions: 165x173
2026-07-28 20:27:32,723 - INFO - Tray Icon Audit - State: IDLE | Loaded Method: fromTheme | isNull: False
2026-07-28 20:27:32,723 - INFO -   - Size 16x16 (installed theme): Path: /home/websrp/.local/share/icons/hicolor/16x16/apps/smartsort-green.png | Exist: True | Dimensions: 16x16
2026-07-28 20:27:32,723 - INFO -   - Size 22x22 (installed theme): Path: /home/websrp/.local/share/icons/hicolor/22x22/apps/smartsort-green.png | Exist: True | Dimensions: 22x22
2026-07-28 20:27:32,723 - INFO -   - Size 24x24 (installed theme): Path: /home/websrp/.local/share/icons/hicolor/24x24/apps/smartsort-green.png | Exist: True | Dimensions: 24x24
2026-07-28 20:27:32,723 - INFO -   - Size 32x32 (installed theme): Path: /home/websrp/.local/share/icons/hicolor/32x32/apps/smartsort-green.png | Exist: True | Dimensions: 32x32
2026-07-28 20:27:32,724 - INFO -   - Size scalable (installed theme): Path: /home/websrp/.local/share/icons/hicolor/scalable/apps/smartsort-green.png | Exist: True | Dimensions: 180x183
2026-07-28 20:27:32,725 - INFO - Tray Icon Audit - State: PROCESSING_SMALL | Loaded Method: fromTheme | isNull: False
2026-07-28 20:27:32,725 - INFO -   - Size 16x16 (installed theme): Path: /home/websrp/.local/share/icons/hicolor/16x16/apps/smartsort-blue.png | Exist: True | Dimensions: 16x16
2026-07-28 20:27:32,725 - INFO -   - Size 22x22 (installed theme): Path: /home/websrp/.local/share/icons/hicolor/22x22/apps/smartsort-blue.png | Exist: True | Dimensions: 22x22
2026-07-28 20:27:32,725 - INFO -   - Size 24x24 (installed theme): Path: /home/websrp/.local/share/icons/hicolor/24x24/apps/smartsort-blue.png | Exist: True | Dimensions: 24x24
2026-07-28 20:27:32,725 - INFO -   - Size 32x32 (installed theme): Path: /home/websrp/.local/share/icons/hicolor/32x32/apps/smartsort-blue.png | Exist: True | Dimensions: 32x32
2026-07-28 20:27:32,726 - INFO -   - Size scalable (installed theme): Path: /home/websrp/.local/share/icons/hicolor/scalable/apps/smartsort-blue.png | Exist: True | Dimensions: 163x172
2026-07-28 20:27:32,727 - INFO - Tray Icon Audit - State: PROCESSING_LARGE | Loaded Method: fromTheme | isNull: False
2026-07-28 20:27:32,727 - INFO -   - Size 16x16 (installed theme): Path: /home/websrp/.local/share/icons/hicolor/16x16/apps/smartsort-orange.png | Exist: True | Dimensions: 16x16
2026-07-28 20:27:32,727 - INFO -   - Size 22x22 (installed theme): Path: /home/websrp/.local/share/icons/hicolor/22x22/apps/smartsort-orange.png | Exist: True | Dimensions: 22x22
2026-07-28 20:27:32,727 - INFO -   - Size 24x24 (installed theme): Path: /home/websrp/.local/share/icons/hicolor/24x24/apps/smartsort-orange.png | Exist: True | Dimensions: 24x24
2026-07-28 20:27:32,727 - INFO -   - Size 32x32 (installed theme): Path: /home/websrp/.local/share/icons/hicolor/32x32/apps/smartsort-orange.png | Exist: True | Dimensions: 32x32
2026-07-28 20:27:32,728 - INFO -   - Size scalable (installed theme): Path: /home/websrp/.local/share/icons/hicolor/scalable/apps/smartsort-orange.png | Exist: True | Dimensions: 161x160
2026-07-28 20:27:32,729 - INFO - Tray Icon Audit - State: ERROR | Loaded Method: fromTheme | isNull: False
2026-07-28 20:27:32,729 - INFO -   - Size 16x16 (installed theme): Path: /home/websrp/.local/share/icons/hicolor/16x16/apps/smartsort-red.png | Exist: True | Dimensions: 16x16
2026-07-28 20:27:32,729 - INFO -   - Size 22x22 (installed theme): Path: /home/websrp/.local/share/icons/hicolor/22x22/apps/smartsort-red.png | Exist: True | Dimensions: 22x22
2026-07-28 20:27:32,729 - INFO -   - Size 24x24 (installed theme): Path: /home/websrp/.local/share/icons/hicolor/24x24/apps/smartsort-red.png | Exist: True | Dimensions: 24x24
2026-07-28 20:27:32,729 - INFO -   - Size 32x32 (installed theme): Path: /home/websrp/.local/share/icons/hicolor/32x32/apps/smartsort-red.png | Exist: True | Dimensions: 32x32
2026-07-28 20:27:32,730 - INFO -   - Size scalable (installed theme): Path: /home/websrp/.local/share/icons/hicolor/scalable/apps/smartsort-red.png | Exist: True | Dimensions: 147x147
2026-07-28 20:27:32,731 - INFO - Tray Icon Audit - State: PAUSED | Loaded Method: fromTheme | isNull: False
2026-07-28 20:27:32,731 - INFO -   - Size 16x16 (installed theme): Path: /home/websrp/.local/share/icons/hicolor/16x16/apps/smartsort-grey.png | Exist: True | Dimensions: 16x16
2026-07-28 20:27:32,731 - INFO -   - Size 22x22 (installed theme): Path: /home/websrp/.local/share/icons/hicolor/22x22/apps/smartsort-grey.png | Exist: True | Dimensions: 22x22
2026-07-28 20:27:32,731 - INFO -   - Size 24x24 (installed theme): Path: /home/websrp/.local/share/icons/hicolor/24x24/apps/smartsort-grey.png | Exist: True | Dimensions: 24x24
2026-07-28 20:27:32,731 - INFO -   - Size 32x32 (installed theme): Path: /home/websrp/.local/share/icons/hicolor/32x32/apps/smartsort-grey.png | Exist: True | Dimensions: 32x32
2026-07-28 20:27:32,732 - INFO -   - Size scalable (installed theme): Path: /home/websrp/.local/share/icons/hicolor/scalable/apps/smartsort-grey.png | Exist: True | Dimensions: 167x172
2026-07-28 20:52:58,953 - INFO - Successfully updated icon cache for ~/.local/share/icons/hicolor
2026-07-28 20:52:59,047 - INFO - Successfully updated icon cache for ~/.local/share/icons/hicolor
2026-07-28 20:52:59,290 - INFO - Tray Icon Path Audit: Resolving absolute assets directory to /home/websrp/SmartSort/assets/icons
2026-07-28 20:52:59,292 - INFO - Tray Icon Audit - State: STARTUP | Loaded Method: fromTheme | isNull: False
2026-07-28 20:52:59,292 - INFO -   - Size 16x16 (installed theme): Path: /home/websrp/.local/share/icons/hicolor/16x16/apps/smartsort-yellow.png | Exist: True | Dimensions: 16x16
2026-07-28 20:52:59,292 - INFO -   - Size 22x22 (installed theme): Path: /home/websrp/.local/share/icons/hicolor/22x22/apps/smartsort-yellow.png | Exist: True | Dimensions: 22x22
2026-07-28 20:52:59,293 - INFO -   - Size 24x24 (installed theme): Path: /home/websrp/.local/share/icons/hicolor/24x24/apps/smartsort-yellow.png | Exist: True | Dimensions: 24x24
2026-07-28 20:52:59,293 - INFO -   - Size 32x32 (installed theme): Path: /home/websrp/.local/share/icons/hicolor/32x32/apps/smartsort-yellow.png | Exist: True | Dimensions: 32x32
2026-07-28 20:52:59,294 - INFO -   - Size scalable (installed theme): Path: /home/websrp/.local/share/icons/hicolor/scalable/apps/smartsort-yellow.png | Exist: True | Dimensions: 165x173
2026-07-28 20:52:59,297 - INFO - Tray Icon Audit - State: IDLE | Loaded Method: fromTheme | isNull: False
2026-07-28 20:52:59,297 - INFO -   - Size 16x16 (installed theme): Path: /home/websrp/.local/share/icons/hicolor/16x16/apps/smartsort-green.png | Exist: True | Dimensions: 16x16
2026-07-28 20:52:59,297 - INFO -   - Size 22x22 (installed theme): Path: /home/websrp/.local/share/icons/hicolor/22x22/apps/smartsort-green.png | Exist: True | Dimensions: 22x22
2026-07-28 20:52:59,297 - INFO -   - Size 24x24 (installed theme): Path: /home/websrp/.local/share/icons/hicolor/24x24/apps/smartsort-green.png | Exist: True | Dimensions: 24x24
2026-07-28 20:52:59,297 - INFO -   - Size 32x32 (installed theme): Path: /home/websrp/.local/share/icons/hicolor/32x32/apps/smartsort-green.png | Exist: True | Dimensions: 32x32
2026-07-28 20:52:59,299 - INFO -   - Size scalable (installed theme): Path: /home/websrp/.local/share/icons/hicolor/scalable/apps/smartsort-green.png | Exist: True | Dimensions: 180x183
2026-07-28 20:52:59,303 - INFO - Tray Icon Audit - State: PROCESSING_SMALL | Loaded Method: fromTheme | isNull: False
2026-07-28 20:52:59,303 - INFO -   - Size 16x16 (installed theme): Path: /home/websrp/.local/share/icons/hicolor/16x16/apps/smartsort-blue.png | Exist: True | Dimensions: 16x16
2026-07-28 20:52:59,303 - INFO -   - Size 22x22 (installed theme): Path: /home/websrp/.local/share/icons/hicolor/22x22/apps/smartsort-blue.png | Exist: True | Dimensions: 22x22
2026-07-28 20:52:59,304 - INFO -   - Size 24x24 (installed theme): Path: /home/websrp/.local/share/icons/hicolor/24x24/apps/smartsort-blue.png | Exist: True | Dimensions: 24x24
2026-07-28 20:52:59,304 - INFO -   - Size 32x32 (installed theme): Path: /home/websrp/.local/share/icons/hicolor/32x32/apps/smartsort-blue.png | Exist: True | Dimensions: 32x32
2026-07-28 20:52:59,306 - INFO -   - Size scalable (installed theme): Path: /home/websrp/.local/share/icons/hicolor/scalable/apps/smartsort-blue.png | Exist: True | Dimensions: 163x172
2026-07-28 20:52:59,308 - INFO - Tray Icon Audit - State: PROCESSING_LARGE | Loaded Method: fromTheme | isNull: False
2026-07-28 20:52:59,309 - INFO -   - Size 16x16 (installed theme): Path: /home/websrp/.local/share/icons/hicolor/16x16/apps/smartsort-orange.png | Exist: True | Dimensions: 16x16
2026-07-28 20:52:59,309 - INFO -   - Size 22x22 (installed theme): Path: /home/websrp/.local/share/icons/hicolor/22x22/apps/smartsort-orange.png | Exist: True | Dimensions: 22x22
2026-07-28 20:52:59,309 - INFO -   - Size 24x24 (installed theme): Path: /home/websrp/.local/share/icons/hicolor/24x24/apps/smartsort-orange.png | Exist: True | Dimensions: 24x24
2026-07-28 20:52:59,309 - INFO -   - Size 32x32 (installed theme): Path: /home/websrp/.local/share/icons/hicolor/32x32/apps/smartsort-orange.png | Exist: True | Dimensions: 32x32
2026-07-28 20:52:59,311 - INFO -   - Size scalable (installed theme): Path: /home/websrp/.local/share/icons/hicolor/scalable/apps/smartsort-orange.png | Exist: True | Dimensions: 161x160
2026-07-28 20:52:59,313 - INFO - Tray Icon Audit - State: ERROR | Loaded Method: fromTheme | isNull: False
2026-07-28 20:52:59,313 - INFO -   - Size 16x16 (installed theme): Path: /home/websrp/.local/share/icons/hicolor/16x16/apps/smartsort-red.png | Exist: True | Dimensions: 16x16
2026-07-28 20:52:59,313 - INFO -   - Size 22x22 (installed theme): Path: /home/websrp/.local/share/icons/hicolor/22x22/apps/smartsort-red.png | Exist: True | Dimensions: 22x22
2026-07-28 20:52:59,314 - INFO -   - Size 24x24 (installed theme): Path: /home/websrp/.local/share/icons/hicolor/24x24/apps/smartsort-red.png | Exist: True | Dimensions: 24x24
2026-07-28 20:52:59,314 - INFO -   - Size 32x32 (installed theme): Path: /home/websrp/.local/share/icons/hicolor/32x32/apps/smartsort-red.png | Exist: True | Dimensions: 32x32
2026-07-28 20:52:59,315 - INFO -   - Size scalable (installed theme): Path: /home/websrp/.local/share/icons/hicolor/scalable/apps/smartsort-red.png | Exist: True | Dimensions: 147x147
2026-07-28 20:52:59,318 - INFO - Tray Icon Audit - State: PAUSED | Loaded Method: fromTheme | isNull: False
2026-07-28 20:52:59,318 - INFO -   - Size 16x16 (installed theme): Path: /home/websrp/.local/share/icons/hicolor/16x16/apps/smartsort-grey.png | Exist: True | Dimensions: 16x16
2026-07-28 20:52:59,318 - INFO -   - Size 22x22 (installed theme): Path: /home/websrp/.local/share/icons/hicolor/22x22/apps/smartsort-grey.png | Exist: True | Dimensions: 22x22
2026-07-28 20:52:59,318 - INFO -   - Size 24x24 (installed theme): Path: /home/websrp/.local/share/icons/hicolor/24x24/apps/smartsort-grey.png | Exist: True | Dimensions: 24x24
2026-07-28 20:52:59,318 - INFO -   - Size 32x32 (installed theme): Path: /home/websrp/.local/share/icons/hicolor/32x32/apps/smartsort-grey.png | Exist: True | Dimensions: 32x32
2026-07-28 20:52:59,320 - INFO -   - Size scalable (installed theme): Path: /home/websrp/.local/share/icons/hicolor/scalable/apps/smartsort-grey.png | Exist: True | Dimensions: 167x172
