2026-07-25 20:47:21,922 - INFO - Tray Icon Path Audit: Resolving absolute assets directory to /home/websrp/SmartSort/assets/icons
2026-07-25 20:47:21,923 - INFO - Tray Icon Audit - State: STARTUP | Loaded Method: fallback-files | isNull: False
2026-07-25 20:47:21,924 - INFO -   - Size 16x16 (installed theme): Path: /home/websrp/.local/share/icons/hicolor/16x16/apps/smartsort-yellow.png | Exist: True | Dimensions: 16x16
2026-07-25 20:47:21,924 - INFO -   - Size 22x22 (installed theme): Path: /home/websrp/.local/share/icons/hicolor/22x22/apps/smartsort-yellow.png | Exist: True | Dimensions: 22x22
2026-07-25 20:47:21,924 - INFO -   - Size 24x24 (installed theme): Path: /home/websrp/.local/share/icons/hicolor/24x24/apps/smartsort-yellow.png | Exist: True | Dimensions: 24x24
2026-07-25 20:47:21,925 - INFO -   - Size 32x32 (installed theme): Path: /home/websrp/.local/share/icons/hicolor/32x32/apps/smartsort-yellow.png | Exist: True | Dimensions: 32x32
2026-07-25 20:47:21,926 - INFO -   - Size scalable (installed theme): Path: /home/websrp/.local/share/icons/hicolor/scalable/apps/smartsort-yellow.png | Exist: True | Dimensions: 165x173
2026-07-25 20:47:21,927 - INFO - Tray Icon Audit - State: IDLE | Loaded Method: fallback-files | isNull: False
2026-07-25 20:47:21,927 - INFO -   - Size 16x16 (installed theme): Path: /home/websrp/.local/share/icons/hicolor/16x16/apps/smartsort-green.png | Exist: True | Dimensions: 16x16
2026-07-25 20:47:21,928 - INFO -   - Size 22x22 (installed theme): Path: /home/websrp/.local/share/icons/hicolor/22x22/apps/smartsort-green.png | Exist: True | Dimensions: 22x22
2026-07-25 20:47:21,928 - INFO -   - Size 24x24 (installed theme): Path: /home/websrp/.local/share/icons/hicolor/24x24/apps/smartsort-green.png | Exist: True | Dimensions: 24x24
2026-07-25 20:47:21,928 - INFO -   - Size 32x32 (installed theme): Path: /home/websrp/.local/share/icons/hicolor/32x32/apps/smartsort-green.png | Exist: True | Dimensions: 32x32
2026-07-25 20:47:21,929 - INFO -   - Size scalable (installed theme): Path: /home/websrp/.local/share/icons/hicolor/scalable/apps/smartsort-green.png | Exist: True | Dimensions: 180x183
2026-07-25 20:47:21,931 - INFO - Tray Icon Audit - State: PROCESSING_SMALL | Loaded Method: fallback-files | isNull: False
2026-07-25 20:47:21,931 - INFO -   - Size 16x16 (installed theme): Path: /home/websrp/.local/share/icons/hicolor/16x16/apps/smartsort-blue.png | Exist: True | Dimensions: 16x16
2026-07-25 20:47:21,931 - INFO -   - Size 22x22 (installed theme): Path: /home/websrp/.local/share/icons/hicolor/22x22/apps/smartsort-blue.png | Exist: True | Dimensions: 22x22
2026-07-25 20:47:21,931 - INFO -   - Size 24x24 (installed theme): Path: /home/websrp/.local/share/icons/hicolor/24x24/apps/smartsort-blue.png | Exist: True | Dimensions: 24x24
2026-07-25 20:47:21,932 - INFO -   - Size 32x32 (installed theme): Path: /home/websrp/.local/share/icons/hicolor/32x32/apps/smartsort-blue.png | Exist: True | Dimensions: 32x32
2026-07-25 20:47:21,933 - INFO -   - Size scalable (installed theme): Path: /home/websrp/.local/share/icons/hicolor/scalable/apps/smartsort-blue.png | Exist: True | Dimensions: 163x172
2026-07-25 20:47:21,934 - INFO - Tray Icon Audit - State: PROCESSING_LARGE | Loaded Method: fallback-files | isNull: False
2026-07-25 20:47:21,934 - INFO -   - Size 16x16 (installed theme): Path: /home/websrp/.local/share/icons/hicolor/16x16/apps/smartsort-orange.png | Exist: True | Dimensions: 16x16
2026-07-25 20:47:21,934 - INFO -   - Size 22x22 (installed theme): Path: /home/websrp/.local/share/icons/hicolor/22x22/apps/smartsort-orange.png | Exist: True | Dimensions: 22x22
2026-07-25 20:47:21,934 - INFO -   - Size 24x24 (installed theme): Path: /home/websrp/.local/share/icons/hicolor/24x24/apps/smartsort-orange.png | Exist: True | Dimensions: 24x24
2026-07-25 20:47:21,934 - INFO -   - Size 32x32 (installed theme): Path: /home/websrp/.local/share/icons/hicolor/32x32/apps/smartsort-orange.png | Exist: True | Dimensions: 32x32
2026-07-25 20:47:21,935 - INFO -   - Size scalable (installed theme): Path: /home/websrp/.local/share/icons/hicolor/scalable/apps/smartsort-orange.png | Exist: True | Dimensions: 161x160
2026-07-25 20:47:21,936 - INFO - Tray Icon Audit - State: ERROR | Loaded Method: fallback-files | isNull: False
2026-07-25 20:47:21,936 - INFO -   - Size 16x16 (installed theme): Path: /home/websrp/.local/share/icons/hicolor/16x16/apps/smartsort-red.png | Exist: True | Dimensions: 16x16
2026-07-25 20:47:21,937 - INFO -   - Size 22x22 (installed theme): Path: /home/websrp/.local/share/icons/hicolor/22x22/apps/smartsort-red.png | Exist: True | Dimensions: 22x22
2026-07-25 20:47:21,937 - INFO -   - Size 24x24 (installed theme): Path: /home/websrp/.local/share/icons/hicolor/24x24/apps/smartsort-red.png | Exist: True | Dimensions: 24x24
2026-07-25 20:47:21,937 - INFO -   - Size 32x32 (installed theme): Path: /home/websrp/.local/share/icons/hicolor/32x32/apps/smartsort-red.png | Exist: True | Dimensions: 32x32
2026-07-25 20:47:21,938 - INFO -   - Size scalable (installed theme): Path: /home/websrp/.local/share/icons/hicolor/scalable/apps/smartsort-red.png | Exist: True | Dimensions: 147x147
2026-07-25 20:47:21,939 - INFO - Tray Icon Audit - State: PAUSED | Loaded Method: fallback-files | isNull: False
2026-07-25 20:47:21,939 - INFO -   - Size 16x16 (installed theme): Path: /home/websrp/.local/share/icons/hicolor/16x16/apps/smartsort-grey.png | Exist: True | Dimensions: 16x16
2026-07-25 20:47:21,939 - INFO -   - Size 22x22 (installed theme): Path: /home/websrp/.local/share/icons/hicolor/22x22/apps/smartsort-grey.png | Exist: True | Dimensions: 22x22
2026-07-25 20:47:21,939 - INFO -   - Size 24x24 (installed theme): Path: /home/websrp/.local/share/icons/hicolor/24x24/apps/smartsort-grey.png | Exist: True | Dimensions: 24x24
2026-07-25 20:47:21,939 - INFO -   - Size 32x32 (installed theme): Path: /home/websrp/.local/share/icons/hicolor/32x32/apps/smartsort-grey.png | Exist: True | Dimensions: 32x32
2026-07-25 20:47:21,940 - INFO -   - Size scalable (installed theme): Path: /home/websrp/.local/share/icons/hicolor/scalable/apps/smartsort-grey.png | Exist: True | Dimensions: 167x172
2026-07-25 20:48:28,058 - ERROR - Failed to copy tray_green.png to /home/websrp/.local/share/icons/hicolor/16x16/apps/smartsort-green.png: [Errno 30] Read-only file system: '/home/websrp/.local/share/icons/hicolor/16x16/apps/smartsort-green.png'
2026-07-25 20:48:28,059 - ERROR - Failed to copy tray_blue.png to /home/websrp/.local/share/icons/hicolor/16x16/apps/smartsort-blue.png: [Errno 30] Read-only file system: '/home/websrp/.local/share/icons/hicolor/16x16/apps/smartsort-blue.png'
2026-07-25 20:48:28,059 - ERROR - Failed to copy tray_orange.png to /home/websrp/.local/share/icons/hicolor/16x16/apps/smartsort-orange.png: [Errno 30] Read-only file system: '/home/websrp/.local/share/icons/hicolor/16x16/apps/smartsort-orange.png'
2026-07-25 20:48:28,060 - ERROR - Failed to copy tray_red.png to /home/websrp/.local/share/icons/hicolor/16x16/apps/smartsort-red.png: [Errno 30] Read-only file system: '/home/websrp/.local/share/icons/hicolor/16x16/apps/smartsort-red.png'
2026-07-25 20:48:28,060 - ERROR - Failed to copy tray_grey.png to /home/websrp/.local/share/icons/hicolor/16x16/apps/smartsort-grey.png: [Errno 30] Read-only file system: '/home/websrp/.local/share/icons/hicolor/16x16/apps/smartsort-grey.png'
2026-07-25 20:48:28,060 - ERROR - Failed to copy tray_yellow.png to /home/websrp/.local/share/icons/hicolor/16x16/apps/smartsort-yellow.png: [Errno 30] Read-only file system: '/home/websrp/.local/share/icons/hicolor/16x16/apps/smartsort-yellow.png'
2026-07-25 20:48:28,064 - ERROR - Failed to copy tray_green.png to /home/websrp/.local/share/icons/hicolor/22x22/apps/smartsort-green.png: [Errno 30] Read-only file system: '/home/websrp/.local/share/icons/hicolor/22x22/apps/smartsort-green.png'
2026-07-25 20:48:28,064 - ERROR - Failed to copy tray_blue.png to /home/websrp/.local/share/icons/hicolor/22x22/apps/smartsort-blue.png: [Errno 30] Read-only file system: '/home/websrp/.local/share/icons/hicolor/22x22/apps/smartsort-blue.png'
2026-07-25 20:48:28,065 - ERROR - Failed to copy tray_orange.png to /home/websrp/.local/share/icons/hicolor/22x22/apps/smartsort-orange.png: [Errno 30] Read-only file system: '/home/websrp/.local/share/icons/hicolor/22x22/apps/smartsort-orange.png'
2026-07-25 20:48:28,065 - ERROR - Failed to copy tray_red.png to /home/websrp/.local/share/icons/hicolor/22x22/apps/smartsort-red.png: [Errno 30] Read-only file system: '/home/websrp/.local/share/icons/hicolor/22x22/apps/smartsort-red.png'
2026-07-25 20:48:28,065 - ERROR - Failed to copy tray_grey.png to /home/websrp/.local/share/icons/hicolor/22x22/apps/smartsort-grey.png: [Errno 30] Read-only file system: '/home/websrp/.local/share/icons/hicolor/22x22/apps/smartsort-grey.png'
2026-07-25 20:48:28,065 - ERROR - Failed to copy tray_yellow.png to /home/websrp/.local/share/icons/hicolor/22x22/apps/smartsort-yellow.png: [Errno 30] Read-only file system: '/home/websrp/.local/share/icons/hicolor/22x22/apps/smartsort-yellow.png'
2026-07-25 20:48:28,069 - ERROR - Failed to copy tray_green.png to /home/websrp/.local/share/icons/hicolor/24x24/apps/smartsort-green.png: [Errno 30] Read-only file system: '/home/websrp/.local/share/icons/hicolor/24x24/apps/smartsort-green.png'
2026-07-25 20:48:28,069 - ERROR - Failed to copy tray_blue.png to /home/websrp/.local/share/icons/hicolor/24x24/apps/smartsort-blue.png: [Errno 30] Read-only file system: '/home/websrp/.local/share/icons/hicolor/24x24/apps/smartsort-blue.png'
2026-07-25 20:48:28,069 - ERROR - Failed to copy tray_orange.png to /home/websrp/.local/share/icons/hicolor/24x24/apps/smartsort-orange.png: [Errno 30] Read-only file system: '/home/websrp/.local/share/icons/hicolor/24x24/apps/smartsort-orange.png'
2026-07-25 20:48:28,070 - ERROR - Failed to copy tray_red.png to /home/websrp/.local/share/icons/hicolor/24x24/apps/smartsort-red.png: [Errno 30] Read-only file system: '/home/websrp/.local/share/icons/hicolor/24x24/apps/smartsort-red.png'
2026-07-25 20:48:28,070 - ERROR - Failed to copy tray_grey.png to /home/websrp/.local/share/icons/hicolor/24x24/apps/smartsort-grey.png: [Errno 30] Read-only file system: '/home/websrp/.local/share/icons/hicolor/24x24/apps/smartsort-grey.png'
2026-07-25 20:48:28,070 - ERROR - Failed to copy tray_yellow.png to /home/websrp/.local/share/icons/hicolor/24x24/apps/smartsort-yellow.png: [Errno 30] Read-only file system: '/home/websrp/.local/share/icons/hicolor/24x24/apps/smartsort-yellow.png'
2026-07-25 20:48:28,074 - ERROR - Failed to copy tray_green.png to /home/websrp/.local/share/icons/hicolor/32x32/apps/smartsort-green.png: [Errno 30] Read-only file system: '/home/websrp/.local/share/icons/hicolor/32x32/apps/smartsort-green.png'
2026-07-25 20:48:28,074 - ERROR - Failed to copy tray_blue.png to /home/websrp/.local/share/icons/hicolor/32x32/apps/smartsort-blue.png: [Errno 30] Read-only file system: '/home/websrp/.local/share/icons/hicolor/32x32/apps/smartsort-blue.png'
2026-07-25 20:48:28,074 - ERROR - Failed to copy tray_orange.png to /home/websrp/.local/share/icons/hicolor/32x32/apps/smartsort-orange.png: [Errno 30] Read-only file system: '/home/websrp/.local/share/icons/hicolor/32x32/apps/smartsort-orange.png'
2026-07-25 20:48:28,074 - ERROR - Failed to copy tray_red.png to /home/websrp/.local/share/icons/hicolor/32x32/apps/smartsort-red.png: [Errno 30] Read-only file system: '/home/websrp/.local/share/icons/hicolor/32x32/apps/smartsort-red.png'
2026-07-25 20:48:28,075 - ERROR - Failed to copy tray_grey.png to /home/websrp/.local/share/icons/hicolor/32x32/apps/smartsort-grey.png: [Errno 30] Read-only file system: '/home/websrp/.local/share/icons/hicolor/32x32/apps/smartsort-grey.png'
2026-07-25 20:48:28,075 - ERROR - Failed to copy tray_yellow.png to /home/websrp/.local/share/icons/hicolor/32x32/apps/smartsort-yellow.png: [Errno 30] Read-only file system: '/home/websrp/.local/share/icons/hicolor/32x32/apps/smartsort-yellow.png'
2026-07-25 20:48:28,075 - ERROR - Failed to install user icon theme: [Errno 30] Read-only file system: '/home/websrp/.local/share/icons/hicolor/scalable/apps/smartsort.png'
2026-07-25 20:48:28,112 - ERROR - Failed to copy tray_green.png to /home/websrp/.local/share/icons/hicolor/16x16/apps/smartsort-green.png: [Errno 30] Read-only file system: '/home/websrp/.local/share/icons/hicolor/16x16/apps/smartsort-green.png'
2026-07-25 20:48:28,112 - ERROR - Failed to copy tray_blue.png to /home/websrp/.local/share/icons/hicolor/16x16/apps/smartsort-blue.png: [Errno 30] Read-only file system: '/home/websrp/.local/share/icons/hicolor/16x16/apps/smartsort-blue.png'
2026-07-25 20:48:28,113 - ERROR - Failed to copy tray_orange.png to /home/websrp/.local/share/icons/hicolor/16x16/apps/smartsort-orange.png: [Errno 30] Read-only file system: '/home/websrp/.local/share/icons/hicolor/16x16/apps/smartsort-orange.png'
2026-07-25 20:48:28,113 - ERROR - Failed to copy tray_red.png to /home/websrp/.local/share/icons/hicolor/16x16/apps/smartsort-red.png: [Errno 30] Read-only file system: '/home/websrp/.local/share/icons/hicolor/16x16/apps/smartsort-red.png'
2026-07-25 20:48:28,113 - ERROR - Failed to copy tray_grey.png to /home/websrp/.local/share/icons/hicolor/16x16/apps/smartsort-grey.png: [Errno 30] Read-only file system: '/home/websrp/.local/share/icons/hicolor/16x16/apps/smartsort-grey.png'
2026-07-25 20:48:28,113 - ERROR - Failed to copy tray_yellow.png to /home/websrp/.local/share/icons/hicolor/16x16/apps/smartsort-yellow.png: [Errno 30] Read-only file system: '/home/websrp/.local/share/icons/hicolor/16x16/apps/smartsort-yellow.png'
2026-07-25 20:48:28,116 - ERROR - Failed to copy tray_green.png to /home/websrp/.local/share/icons/hicolor/22x22/apps/smartsort-green.png: [Errno 30] Read-only file system: '/home/websrp/.local/share/icons/hicolor/22x22/apps/smartsort-green.png'
2026-07-25 20:48:28,117 - ERROR - Failed to copy tray_blue.png to /home/websrp/.local/share/icons/hicolor/22x22/apps/smartsort-blue.png: [Errno 30] Read-only file system: '/home/websrp/.local/share/icons/hicolor/22x22/apps/smartsort-blue.png'
2026-07-25 20:48:28,117 - ERROR - Failed to copy tray_orange.png to /home/websrp/.local/share/icons/hicolor/22x22/apps/smartsort-orange.png: [Errno 30] Read-only file system: '/home/websrp/.local/share/icons/hicolor/22x22/apps/smartsort-orange.png'
2026-07-25 20:48:28,117 - ERROR - Failed to copy tray_red.png to /home/websrp/.local/share/icons/hicolor/22x22/apps/smartsort-red.png: [Errno 30] Read-only file system: '/home/websrp/.local/share/icons/hicolor/22x22/apps/smartsort-red.png'
2026-07-25 20:48:28,117 - ERROR - Failed to copy tray_grey.png to /home/websrp/.local/share/icons/hicolor/22x22/apps/smartsort-grey.png: [Errno 30] Read-only file system: '/home/websrp/.local/share/icons/hicolor/22x22/apps/smartsort-grey.png'
2026-07-25 20:48:28,117 - ERROR - Failed to copy tray_yellow.png to /home/websrp/.local/share/icons/hicolor/22x22/apps/smartsort-yellow.png: [Errno 30] Read-only file system: '/home/websrp/.local/share/icons/hicolor/22x22/apps/smartsort-yellow.png'
2026-07-25 20:48:28,121 - ERROR - Failed to copy tray_green.png to /home/websrp/.local/share/icons/hicolor/24x24/apps/smartsort-green.png: [Errno 30] Read-only file system: '/home/websrp/.local/share/icons/hicolor/24x24/apps/smartsort-green.png'
2026-07-25 20:48:28,121 - ERROR - Failed to copy tray_blue.png to /home/websrp/.local/share/icons/hicolor/24x24/apps/smartsort-blue.png: [Errno 30] Read-only file system: '/home/websrp/.local/share/icons/hicolor/24x24/apps/smartsort-blue.png'
2026-07-25 20:48:28,121 - ERROR - Failed to copy tray_orange.png to /home/websrp/.local/share/icons/hicolor/24x24/apps/smartsort-orange.png: [Errno 30] Read-only file system: '/home/websrp/.local/share/icons/hicolor/24x24/apps/smartsort-orange.png'
2026-07-25 20:48:28,121 - ERROR - Failed to copy tray_red.png to /home/websrp/.local/share/icons/hicolor/24x24/apps/smartsort-red.png: [Errno 30] Read-only file system: '/home/websrp/.local/share/icons/hicolor/24x24/apps/smartsort-red.png'
2026-07-25 20:48:28,121 - ERROR - Failed to copy tray_grey.png to /home/websrp/.local/share/icons/hicolor/24x24/apps/smartsort-grey.png: [Errno 30] Read-only file system: '/home/websrp/.local/share/icons/hicolor/24x24/apps/smartsort-grey.png'
2026-07-25 20:48:28,121 - ERROR - Failed to copy tray_yellow.png to /home/websrp/.local/share/icons/hicolor/24x24/apps/smartsort-yellow.png: [Errno 30] Read-only file system: '/home/websrp/.local/share/icons/hicolor/24x24/apps/smartsort-yellow.png'
2026-07-25 20:48:28,125 - ERROR - Failed to copy tray_green.png to /home/websrp/.local/share/icons/hicolor/32x32/apps/smartsort-green.png: [Errno 30] Read-only file system: '/home/websrp/.local/share/icons/hicolor/32x32/apps/smartsort-green.png'
2026-07-25 20:48:28,125 - ERROR - Failed to copy tray_blue.png to /home/websrp/.local/share/icons/hicolor/32x32/apps/smartsort-blue.png: [Errno 30] Read-only file system: '/home/websrp/.local/share/icons/hicolor/32x32/apps/smartsort-blue.png'
2026-07-25 20:48:28,125 - ERROR - Failed to copy tray_orange.png to /home/websrp/.local/share/icons/hicolor/32x32/apps/smartsort-orange.png: [Errno 30] Read-only file system: '/home/websrp/.local/share/icons/hicolor/32x32/apps/smartsort-orange.png'
2026-07-25 20:48:28,126 - ERROR - Failed to copy tray_red.png to /home/websrp/.local/share/icons/hicolor/32x32/apps/smartsort-red.png: [Errno 30] Read-only file system: '/home/websrp/.local/share/icons/hicolor/32x32/apps/smartsort-red.png'
2026-07-25 20:48:28,126 - ERROR - Failed to copy tray_grey.png to /home/websrp/.local/share/icons/hicolor/32x32/apps/smartsort-grey.png: [Errno 30] Read-only file system: '/home/websrp/.local/share/icons/hicolor/32x32/apps/smartsort-grey.png'
2026-07-25 20:48:28,126 - ERROR - Failed to copy tray_yellow.png to /home/websrp/.local/share/icons/hicolor/32x32/apps/smartsort-yellow.png: [Errno 30] Read-only file system: '/home/websrp/.local/share/icons/hicolor/32x32/apps/smartsort-yellow.png'
2026-07-25 20:48:28,126 - ERROR - Failed to install user icon theme: [Errno 30] Read-only file system: '/home/websrp/.local/share/icons/hicolor/scalable/apps/smartsort.png'
2026-07-25 20:48:28,287 - INFO - Tray Icon Path Audit: Resolving absolute assets directory to /home/websrp/SmartSort/assets/icons
2026-07-25 20:48:28,288 - INFO - Tray Icon Audit - State: STARTUP | Loaded Method: fallback-files | isNull: False
2026-07-25 20:48:28,288 - INFO -   - Size 16x16 (installed theme): Path: /home/websrp/.local/share/icons/hicolor/16x16/apps/smartsort-yellow.png | Exist: False | Dimensions: N/A
2026-07-25 20:48:28,288 - INFO -   - Size 22x22 (installed theme): Path: /home/websrp/.local/share/icons/hicolor/22x22/apps/smartsort-yellow.png | Exist: False | Dimensions: N/A
2026-07-25 20:48:28,289 - INFO -   - Size 24x24 (installed theme): Path: /home/websrp/.local/share/icons/hicolor/24x24/apps/smartsort-yellow.png | Exist: False | Dimensions: N/A
2026-07-25 20:48:28,289 - INFO -   - Size 32x32 (installed theme): Path: /home/websrp/.local/share/icons/hicolor/32x32/apps/smartsort-yellow.png | Exist: False | Dimensions: N/A
2026-07-25 20:48:28,289 - INFO -   - Size scalable (installed theme): Path: /home/websrp/.local/share/icons/hicolor/scalable/apps/smartsort-yellow.png | Exist: False | Dimensions: N/A
2026-07-25 20:48:28,290 - INFO - Tray Icon Audit - State: IDLE | Loaded Method: fallback-files | isNull: False
2026-07-25 20:48:28,290 - INFO -   - Size 16x16 (installed theme): Path: /home/websrp/.local/share/icons/hicolor/16x16/apps/smartsort-green.png | Exist: False | Dimensions: N/A
2026-07-25 20:48:28,290 - INFO -   - Size 22x22 (installed theme): Path: /home/websrp/.local/share/icons/hicolor/22x22/apps/smartsort-green.png | Exist: False | Dimensions: N/A
2026-07-25 20:48:28,290 - INFO -   - Size 24x24 (installed theme): Path: /home/websrp/.local/share/icons/hicolor/24x24/apps/smartsort-green.png | Exist: False | Dimensions: N/A
2026-07-25 20:48:28,290 - INFO -   - Size 32x32 (installed theme): Path: /home/websrp/.local/share/icons/hicolor/32x32/apps/smartsort-green.png | Exist: False | Dimensions: N/A
2026-07-25 20:48:28,290 - INFO -   - Size scalable (installed theme): Path: /home/websrp/.local/share/icons/hicolor/scalable/apps/smartsort-green.png | Exist: False | Dimensions: N/A
2026-07-25 20:48:28,292 - INFO - Tray Icon Audit - State: PROCESSING_SMALL | Loaded Method: fallback-files | isNull: False
2026-07-25 20:48:28,292 - INFO -   - Size 16x16 (installed theme): Path: /home/websrp/.local/share/icons/hicolor/16x16/apps/smartsort-blue.png | Exist: False | Dimensions: N/A
2026-07-25 20:48:28,292 - INFO -   - Size 22x22 (installed theme): Path: /home/websrp/.local/share/icons/hicolor/22x22/apps/smartsort-blue.png | Exist: False | Dimensions: N/A
2026-07-25 20:48:28,292 - INFO -   - Size 24x24 (installed theme): Path: /home/websrp/.local/share/icons/hicolor/24x24/apps/smartsort-blue.png | Exist: False | Dimensions: N/A
2026-07-25 20:48:28,292 - INFO -   - Size 32x32 (installed theme): Path: /home/websrp/.local/share/icons/hicolor/32x32/apps/smartsort-blue.png | Exist: False | Dimensions: N/A
2026-07-25 20:48:28,292 - INFO -   - Size scalable (installed theme): Path: /home/websrp/.local/share/icons/hicolor/scalable/apps/smartsort-blue.png | Exist: False | Dimensions: N/A
2026-07-25 20:48:28,293 - INFO - Tray Icon Audit - State: PROCESSING_LARGE | Loaded Method: fallback-files | isNull: False
2026-07-25 20:48:28,293 - INFO -   - Size 16x16 (installed theme): Path: /home/websrp/.local/share/icons/hicolor/16x16/apps/smartsort-orange.png | Exist: False | Dimensions: N/A
2026-07-25 20:48:28,293 - INFO -   - Size 22x22 (installed theme): Path: /home/websrp/.local/share/icons/hicolor/22x22/apps/smartsort-orange.png | Exist: False | Dimensions: N/A
2026-07-25 20:48:28,293 - INFO -   - Size 24x24 (installed theme): Path: /home/websrp/.local/share/icons/hicolor/24x24/apps/smartsort-orange.png | Exist: False | Dimensions: N/A
2026-07-25 20:48:28,293 - INFO -   - Size 32x32 (installed theme): Path: /home/websrp/.local/share/icons/hicolor/32x32/apps/smartsort-orange.png | Exist: False | Dimensions: N/A
2026-07-25 20:48:28,293 - INFO -   - Size scalable (installed theme): Path: /home/websrp/.local/share/icons/hicolor/scalable/apps/smartsort-orange.png | Exist: False | Dimensions: N/A
2026-07-25 20:48:28,295 - INFO - Tray Icon Audit - State: ERROR | Loaded Method: fallback-files | isNull: False
2026-07-25 20:48:28,295 - INFO -   - Size 16x16 (installed theme): Path: /home/websrp/.local/share/icons/hicolor/16x16/apps/smartsort-red.png | Exist: False | Dimensions: N/A
2026-07-25 20:48:28,295 - INFO -   - Size 22x22 (installed theme): Path: /home/websrp/.local/share/icons/hicolor/22x22/apps/smartsort-red.png | Exist: False | Dimensions: N/A
2026-07-25 20:48:28,295 - INFO -   - Size 24x24 (installed theme): Path: /home/websrp/.local/share/icons/hicolor/24x24/apps/smartsort-red.png | Exist: False | Dimensions: N/A
2026-07-25 20:48:28,295 - INFO -   - Size 32x32 (installed theme): Path: /home/websrp/.local/share/icons/hicolor/32x32/apps/smartsort-red.png | Exist: False | Dimensions: N/A
2026-07-25 20:48:28,295 - INFO -   - Size scalable (installed theme): Path: /home/websrp/.local/share/icons/hicolor/scalable/apps/smartsort-red.png | Exist: False | Dimensions: N/A
2026-07-25 20:48:28,296 - INFO - Tray Icon Audit - State: PAUSED | Loaded Method: fallback-files | isNull: False
2026-07-25 20:48:28,296 - INFO -   - Size 16x16 (installed theme): Path: /home/websrp/.local/share/icons/hicolor/16x16/apps/smartsort-grey.png | Exist: False | Dimensions: N/A
2026-07-25 20:48:28,296 - INFO -   - Size 22x22 (installed theme): Path: /home/websrp/.local/share/icons/hicolor/22x22/apps/smartsort-grey.png | Exist: False | Dimensions: N/A
2026-07-25 20:48:28,296 - INFO -   - Size 24x24 (installed theme): Path: /home/websrp/.local/share/icons/hicolor/24x24/apps/smartsort-grey.png | Exist: False | Dimensions: N/A
2026-07-25 20:48:28,296 - INFO -   - Size 32x32 (installed theme): Path: /home/websrp/.local/share/icons/hicolor/32x32/apps/smartsort-grey.png | Exist: False | Dimensions: N/A
2026-07-25 20:48:28,296 - INFO -   - Size scalable (installed theme): Path: /home/websrp/.local/share/icons/hicolor/scalable/apps/smartsort-grey.png | Exist: False | Dimensions: N/A
2026-07-25 20:48:41,357 - ERROR - Failed to copy tray_green.png to /home/websrp/.local/share/icons/hicolor/16x16/apps/smartsort-green.png: [Errno 30] Read-only file system: '/home/websrp/.local/share/icons/hicolor/16x16/apps/smartsort-green.png'
2026-07-25 20:48:41,357 - ERROR - Failed to copy tray_blue.png to /home/websrp/.local/share/icons/hicolor/16x16/apps/smartsort-blue.png: [Errno 30] Read-only file system: '/home/websrp/.local/share/icons/hicolor/16x16/apps/smartsort-blue.png'
2026-07-25 20:48:41,357 - ERROR - Failed to copy tray_orange.png to /home/websrp/.local/share/icons/hicolor/16x16/apps/smartsort-orange.png: [Errno 30] Read-only file system: '/home/websrp/.local/share/icons/hicolor/16x16/apps/smartsort-orange.png'
2026-07-25 20:48:41,357 - ERROR - Failed to copy tray_red.png to /home/websrp/.local/share/icons/hicolor/16x16/apps/smartsort-red.png: [Errno 30] Read-only file system: '/home/websrp/.local/share/icons/hicolor/16x16/apps/smartsort-red.png'
2026-07-25 20:48:41,357 - ERROR - Failed to copy tray_grey.png to /home/websrp/.local/share/icons/hicolor/16x16/apps/smartsort-grey.png: [Errno 30] Read-only file system: '/home/websrp/.local/share/icons/hicolor/16x16/apps/smartsort-grey.png'
2026-07-25 20:48:41,357 - ERROR - Failed to copy tray_yellow.png to /home/websrp/.local/share/icons/hicolor/16x16/apps/smartsort-yellow.png: [Errno 30] Read-only file system: '/home/websrp/.local/share/icons/hicolor/16x16/apps/smartsort-yellow.png'
2026-07-25 20:48:41,360 - ERROR - Failed to copy tray_green.png to /home/websrp/.local/share/icons/hicolor/22x22/apps/smartsort-green.png: [Errno 30] Read-only file system: '/home/websrp/.local/share/icons/hicolor/22x22/apps/smartsort-green.png'
2026-07-25 20:48:41,361 - ERROR - Failed to copy tray_blue.png to /home/websrp/.local/share/icons/hicolor/22x22/apps/smartsort-blue.png: [Errno 30] Read-only file system: '/home/websrp/.local/share/icons/hicolor/22x22/apps/smartsort-blue.png'
2026-07-25 20:48:41,361 - ERROR - Failed to copy tray_orange.png to /home/websrp/.local/share/icons/hicolor/22x22/apps/smartsort-orange.png: [Errno 30] Read-only file system: '/home/websrp/.local/share/icons/hicolor/22x22/apps/smartsort-orange.png'
2026-07-25 20:48:41,361 - ERROR - Failed to copy tray_red.png to /home/websrp/.local/share/icons/hicolor/22x22/apps/smartsort-red.png: [Errno 30] Read-only file system: '/home/websrp/.local/share/icons/hicolor/22x22/apps/smartsort-red.png'
2026-07-25 20:48:41,361 - ERROR - Failed to copy tray_grey.png to /home/websrp/.local/share/icons/hicolor/22x22/apps/smartsort-grey.png: [Errno 30] Read-only file system: '/home/websrp/.local/share/icons/hicolor/22x22/apps/smartsort-grey.png'
2026-07-25 20:48:41,361 - ERROR - Failed to copy tray_yellow.png to /home/websrp/.local/share/icons/hicolor/22x22/apps/smartsort-yellow.png: [Errno 30] Read-only file system: '/home/websrp/.local/share/icons/hicolor/22x22/apps/smartsort-yellow.png'
2026-07-25 20:48:41,364 - ERROR - Failed to copy tray_green.png to /home/websrp/.local/share/icons/hicolor/24x24/apps/smartsort-green.png: [Errno 30] Read-only file system: '/home/websrp/.local/share/icons/hicolor/24x24/apps/smartsort-green.png'
2026-07-25 20:48:41,365 - ERROR - Failed to copy tray_blue.png to /home/websrp/.local/share/icons/hicolor/24x24/apps/smartsort-blue.png: [Errno 30] Read-only file system: '/home/websrp/.local/share/icons/hicolor/24x24/apps/smartsort-blue.png'
2026-07-25 20:48:41,365 - ERROR - Failed to copy tray_orange.png to /home/websrp/.local/share/icons/hicolor/24x24/apps/smartsort-orange.png: [Errno 30] Read-only file system: '/home/websrp/.local/share/icons/hicolor/24x24/apps/smartsort-orange.png'
2026-07-25 20:48:41,365 - ERROR - Failed to copy tray_red.png to /home/websrp/.local/share/icons/hicolor/24x24/apps/smartsort-red.png: [Errno 30] Read-only file system: '/home/websrp/.local/share/icons/hicolor/24x24/apps/smartsort-red.png'
2026-07-25 20:48:41,365 - ERROR - Failed to copy tray_grey.png to /home/websrp/.local/share/icons/hicolor/24x24/apps/smartsort-grey.png: [Errno 30] Read-only file system: '/home/websrp/.local/share/icons/hicolor/24x24/apps/smartsort-grey.png'
2026-07-25 20:48:41,365 - ERROR - Failed to copy tray_yellow.png to /home/websrp/.local/share/icons/hicolor/24x24/apps/smartsort-yellow.png: [Errno 30] Read-only file system: '/home/websrp/.local/share/icons/hicolor/24x24/apps/smartsort-yellow.png'
2026-07-25 20:48:41,368 - ERROR - Failed to copy tray_green.png to /home/websrp/.local/share/icons/hicolor/32x32/apps/smartsort-green.png: [Errno 30] Read-only file system: '/home/websrp/.local/share/icons/hicolor/32x32/apps/smartsort-green.png'
2026-07-25 20:48:41,368 - ERROR - Failed to copy tray_blue.png to /home/websrp/.local/share/icons/hicolor/32x32/apps/smartsort-blue.png: [Errno 30] Read-only file system: '/home/websrp/.local/share/icons/hicolor/32x32/apps/smartsort-blue.png'
2026-07-25 20:48:41,368 - ERROR - Failed to copy tray_orange.png to /home/websrp/.local/share/icons/hicolor/32x32/apps/smartsort-orange.png: [Errno 30] Read-only file system: '/home/websrp/.local/share/icons/hicolor/32x32/apps/smartsort-orange.png'
2026-07-25 20:48:41,368 - ERROR - Failed to copy tray_red.png to /home/websrp/.local/share/icons/hicolor/32x32/apps/smartsort-red.png: [Errno 30] Read-only file system: '/home/websrp/.local/share/icons/hicolor/32x32/apps/smartsort-red.png'
2026-07-25 20:48:41,368 - ERROR - Failed to copy tray_grey.png to /home/websrp/.local/share/icons/hicolor/32x32/apps/smartsort-grey.png: [Errno 30] Read-only file system: '/home/websrp/.local/share/icons/hicolor/32x32/apps/smartsort-grey.png'
2026-07-25 20:48:41,368 - ERROR - Failed to copy tray_yellow.png to /home/websrp/.local/share/icons/hicolor/32x32/apps/smartsort-yellow.png: [Errno 30] Read-only file system: '/home/websrp/.local/share/icons/hicolor/32x32/apps/smartsort-yellow.png'
2026-07-25 20:48:41,368 - ERROR - Failed to install user icon theme: [Errno 30] Read-only file system: '/home/websrp/.local/share/icons/hicolor/scalable/apps/smartsort.png'
2026-07-25 20:48:41,404 - ERROR - Failed to copy tray_green.png to /home/websrp/.local/share/icons/hicolor/16x16/apps/smartsort-green.png: [Errno 30] Read-only file system: '/home/websrp/.local/share/icons/hicolor/16x16/apps/smartsort-green.png'
2026-07-25 20:48:41,404 - ERROR - Failed to copy tray_blue.png to /home/websrp/.local/share/icons/hicolor/16x16/apps/smartsort-blue.png: [Errno 30] Read-only file system: '/home/websrp/.local/share/icons/hicolor/16x16/apps/smartsort-blue.png'
2026-07-25 20:48:41,404 - ERROR - Failed to copy tray_orange.png to /home/websrp/.local/share/icons/hicolor/16x16/apps/smartsort-orange.png: [Errno 30] Read-only file system: '/home/websrp/.local/share/icons/hicolor/16x16/apps/smartsort-orange.png'
2026-07-25 20:48:41,404 - ERROR - Failed to copy tray_red.png to /home/websrp/.local/share/icons/hicolor/16x16/apps/smartsort-red.png: [Errno 30] Read-only file system: '/home/websrp/.local/share/icons/hicolor/16x16/apps/smartsort-red.png'
2026-07-25 20:48:41,404 - ERROR - Failed to copy tray_grey.png to /home/websrp/.local/share/icons/hicolor/16x16/apps/smartsort-grey.png: [Errno 30] Read-only file system: '/home/websrp/.local/share/icons/hicolor/16x16/apps/smartsort-grey.png'
2026-07-25 20:48:41,404 - ERROR - Failed to copy tray_yellow.png to /home/websrp/.local/share/icons/hicolor/16x16/apps/smartsort-yellow.png: [Errno 30] Read-only file system: '/home/websrp/.local/share/icons/hicolor/16x16/apps/smartsort-yellow.png'
2026-07-25 20:48:41,407 - ERROR - Failed to copy tray_green.png to /home/websrp/.local/share/icons/hicolor/22x22/apps/smartsort-green.png: [Errno 30] Read-only file system: '/home/websrp/.local/share/icons/hicolor/22x22/apps/smartsort-green.png'
2026-07-25 20:48:41,407 - ERROR - Failed to copy tray_blue.png to /home/websrp/.local/share/icons/hicolor/22x22/apps/smartsort-blue.png: [Errno 30] Read-only file system: '/home/websrp/.local/share/icons/hicolor/22x22/apps/smartsort-blue.png'
2026-07-25 20:48:41,407 - ERROR - Failed to copy tray_orange.png to /home/websrp/.local/share/icons/hicolor/22x22/apps/smartsort-orange.png: [Errno 30] Read-only file system: '/home/websrp/.local/share/icons/hicolor/22x22/apps/smartsort-orange.png'
2026-07-25 20:48:41,407 - ERROR - Failed to copy tray_red.png to /home/websrp/.local/share/icons/hicolor/22x22/apps/smartsort-red.png: [Errno 30] Read-only file system: '/home/websrp/.local/share/icons/hicolor/22x22/apps/smartsort-red.png'
2026-07-25 20:48:41,407 - ERROR - Failed to copy tray_grey.png to /home/websrp/.local/share/icons/hicolor/22x22/apps/smartsort-grey.png: [Errno 30] Read-only file system: '/home/websrp/.local/share/icons/hicolor/22x22/apps/smartsort-grey.png'
2026-07-25 20:48:41,408 - ERROR - Failed to copy tray_yellow.png to /home/websrp/.local/share/icons/hicolor/22x22/apps/smartsort-yellow.png: [Errno 30] Read-only file system: '/home/websrp/.local/share/icons/hicolor/22x22/apps/smartsort-yellow.png'
2026-07-25 20:48:41,411 - ERROR - Failed to copy tray_green.png to /home/websrp/.local/share/icons/hicolor/24x24/apps/smartsort-green.png: [Errno 30] Read-only file system: '/home/websrp/.local/share/icons/hicolor/24x24/apps/smartsort-green.png'
2026-07-25 20:48:41,411 - ERROR - Failed to copy tray_blue.png to /home/websrp/.local/share/icons/hicolor/24x24/apps/smartsort-blue.png: [Errno 30] Read-only file system: '/home/websrp/.local/share/icons/hicolor/24x24/apps/smartsort-blue.png'
2026-07-25 20:48:41,411 - ERROR - Failed to copy tray_orange.png to /home/websrp/.local/share/icons/hicolor/24x24/apps/smartsort-orange.png: [Errno 30] Read-only file system: '/home/websrp/.local/share/icons/hicolor/24x24/apps/smartsort-orange.png'
2026-07-25 20:48:41,412 - ERROR - Failed to copy tray_red.png to /home/websrp/.local/share/icons/hicolor/24x24/apps/smartsort-red.png: [Errno 30] Read-only file system: '/home/websrp/.local/share/icons/hicolor/24x24/apps/smartsort-red.png'
2026-07-25 20:48:41,412 - ERROR - Failed to copy tray_grey.png to /home/websrp/.local/share/icons/hicolor/24x24/apps/smartsort-grey.png: [Errno 30] Read-only file system: '/home/websrp/.local/share/icons/hicolor/24x24/apps/smartsort-grey.png'
2026-07-25 20:48:41,412 - ERROR - Failed to copy tray_yellow.png to /home/websrp/.local/share/icons/hicolor/24x24/apps/smartsort-yellow.png: [Errno 30] Read-only file system: '/home/websrp/.local/share/icons/hicolor/24x24/apps/smartsort-yellow.png'
2026-07-25 20:48:41,415 - ERROR - Failed to copy tray_green.png to /home/websrp/.local/share/icons/hicolor/32x32/apps/smartsort-green.png: [Errno 30] Read-only file system: '/home/websrp/.local/share/icons/hicolor/32x32/apps/smartsort-green.png'
2026-07-25 20:48:41,415 - ERROR - Failed to copy tray_blue.png to /home/websrp/.local/share/icons/hicolor/32x32/apps/smartsort-blue.png: [Errno 30] Read-only file system: '/home/websrp/.local/share/icons/hicolor/32x32/apps/smartsort-blue.png'
2026-07-25 20:48:41,415 - ERROR - Failed to copy tray_orange.png to /home/websrp/.local/share/icons/hicolor/32x32/apps/smartsort-orange.png: [Errno 30] Read-only file system: '/home/websrp/.local/share/icons/hicolor/32x32/apps/smartsort-orange.png'
2026-07-25 20:48:41,415 - ERROR - Failed to copy tray_red.png to /home/websrp/.local/share/icons/hicolor/32x32/apps/smartsort-red.png: [Errno 30] Read-only file system: '/home/websrp/.local/share/icons/hicolor/32x32/apps/smartsort-red.png'
2026-07-25 20:48:41,415 - ERROR - Failed to copy tray_grey.png to /home/websrp/.local/share/icons/hicolor/32x32/apps/smartsort-grey.png: [Errno 30] Read-only file system: '/home/websrp/.local/share/icons/hicolor/32x32/apps/smartsort-grey.png'
2026-07-25 20:48:41,416 - ERROR - Failed to copy tray_yellow.png to /home/websrp/.local/share/icons/hicolor/32x32/apps/smartsort-yellow.png: [Errno 30] Read-only file system: '/home/websrp/.local/share/icons/hicolor/32x32/apps/smartsort-yellow.png'
2026-07-25 20:48:41,416 - ERROR - Failed to install user icon theme: [Errno 30] Read-only file system: '/home/websrp/.local/share/icons/hicolor/scalable/apps/smartsort.png'
2026-07-25 20:48:41,543 - INFO - Tray Icon Path Audit: Resolving absolute assets directory to /home/websrp/SmartSort/assets/icons
2026-07-25 20:48:41,546 - INFO - Tray Icon Audit - State: STARTUP | Loaded Method: fallback-files | isNull: False
2026-07-25 20:48:41,546 - INFO -   - Size 16x16 (installed theme): Path: /home/websrp/.local/share/icons/hicolor/16x16/apps/smartsort-yellow.png | Exist: False | Dimensions: N/A
2026-07-25 20:48:41,546 - INFO -   - Size 22x22 (installed theme): Path: /home/websrp/.local/share/icons/hicolor/22x22/apps/smartsort-yellow.png | Exist: False | Dimensions: N/A
2026-07-25 20:48:41,546 - INFO -   - Size 24x24 (installed theme): Path: /home/websrp/.local/share/icons/hicolor/24x24/apps/smartsort-yellow.png | Exist: False | Dimensions: N/A
2026-07-25 20:48:41,546 - INFO -   - Size 32x32 (installed theme): Path: /home/websrp/.local/share/icons/hicolor/32x32/apps/smartsort-yellow.png | Exist: False | Dimensions: N/A
2026-07-25 20:48:41,546 - INFO -   - Size scalable (installed theme): Path: /home/websrp/.local/share/icons/hicolor/scalable/apps/smartsort-yellow.png | Exist: False | Dimensions: N/A
2026-07-25 20:48:41,548 - INFO - Tray Icon Audit - State: IDLE | Loaded Method: fallback-files | isNull: False
2026-07-25 20:48:41,548 - INFO -   - Size 16x16 (installed theme): Path: /home/websrp/.local/share/icons/hicolor/16x16/apps/smartsort-green.png | Exist: False | Dimensions: N/A
2026-07-25 20:48:41,548 - INFO -   - Size 22x22 (installed theme): Path: /home/websrp/.local/share/icons/hicolor/22x22/apps/smartsort-green.png | Exist: False | Dimensions: N/A
2026-07-25 20:48:41,548 - INFO -   - Size 24x24 (installed theme): Path: /home/websrp/.local/share/icons/hicolor/24x24/apps/smartsort-green.png | Exist: False | Dimensions: N/A
2026-07-25 20:48:41,548 - INFO -   - Size 32x32 (installed theme): Path: /home/websrp/.local/share/icons/hicolor/32x32/apps/smartsort-green.png | Exist: False | Dimensions: N/A
2026-07-25 20:48:41,548 - INFO -   - Size scalable (installed theme): Path: /home/websrp/.local/share/icons/hicolor/scalable/apps/smartsort-green.png | Exist: False | Dimensions: N/A
2026-07-25 20:48:41,549 - INFO - Tray Icon Audit - State: PROCESSING_SMALL | Loaded Method: fallback-files | isNull: False
2026-07-25 20:48:41,549 - INFO -   - Size 16x16 (installed theme): Path: /home/websrp/.local/share/icons/hicolor/16x16/apps/smartsort-blue.png | Exist: False | Dimensions: N/A
2026-07-25 20:48:41,549 - INFO -   - Size 22x22 (installed theme): Path: /home/websrp/.local/share/icons/hicolor/22x22/apps/smartsort-blue.png | Exist: False | Dimensions: N/A
2026-07-25 20:48:41,549 - INFO -   - Size 24x24 (installed theme): Path: /home/websrp/.local/share/icons/hicolor/24x24/apps/smartsort-blue.png | Exist: False | Dimensions: N/A
2026-07-25 20:48:41,549 - INFO -   - Size 32x32 (installed theme): Path: /home/websrp/.local/share/icons/hicolor/32x32/apps/smartsort-blue.png | Exist: False | Dimensions: N/A
2026-07-25 20:48:41,549 - INFO -   - Size scalable (installed theme): Path: /home/websrp/.local/share/icons/hicolor/scalable/apps/smartsort-blue.png | Exist: False | Dimensions: N/A
2026-07-25 20:48:41,551 - INFO - Tray Icon Audit - State: PROCESSING_LARGE | Loaded Method: fallback-files | isNull: False
2026-07-25 20:48:41,551 - INFO -   - Size 16x16 (installed theme): Path: /home/websrp/.local/share/icons/hicolor/16x16/apps/smartsort-orange.png | Exist: False | Dimensions: N/A
2026-07-25 20:48:41,551 - INFO -   - Size 22x22 (installed theme): Path: /home/websrp/.local/share/icons/hicolor/22x22/apps/smartsort-orange.png | Exist: False | Dimensions: N/A
2026-07-25 20:48:41,551 - INFO -   - Size 24x24 (installed theme): Path: /home/websrp/.local/share/icons/hicolor/24x24/apps/smartsort-orange.png | Exist: False | Dimensions: N/A
2026-07-25 20:48:41,551 - INFO -   - Size 32x32 (installed theme): Path: /home/websrp/.local/share/icons/hicolor/32x32/apps/smartsort-orange.png | Exist: False | Dimensions: N/A
2026-07-25 20:48:41,551 - INFO -   - Size scalable (installed theme): Path: /home/websrp/.local/share/icons/hicolor/scalable/apps/smartsort-orange.png | Exist: False | Dimensions: N/A
2026-07-25 20:48:41,552 - INFO - Tray Icon Audit - State: ERROR | Loaded Method: fallback-files | isNull: False
2026-07-25 20:48:41,552 - INFO -   - Size 16x16 (installed theme): Path: /home/websrp/.local/share/icons/hicolor/16x16/apps/smartsort-red.png | Exist: False | Dimensions: N/A
2026-07-25 20:48:41,552 - INFO -   - Size 22x22 (installed theme): Path: /home/websrp/.local/share/icons/hicolor/22x22/apps/smartsort-red.png | Exist: False | Dimensions: N/A
2026-07-25 20:48:41,552 - INFO -   - Size 24x24 (installed theme): Path: /home/websrp/.local/share/icons/hicolor/24x24/apps/smartsort-red.png | Exist: False | Dimensions: N/A
2026-07-25 20:48:41,552 - INFO -   - Size 32x32 (installed theme): Path: /home/websrp/.local/share/icons/hicolor/32x32/apps/smartsort-red.png | Exist: False | Dimensions: N/A
2026-07-25 20:48:41,552 - INFO -   - Size scalable (installed theme): Path: /home/websrp/.local/share/icons/hicolor/scalable/apps/smartsort-red.png | Exist: False | Dimensions: N/A
2026-07-25 20:48:41,554 - INFO - Tray Icon Audit - State: PAUSED | Loaded Method: fallback-files | isNull: False
2026-07-25 20:48:41,554 - INFO -   - Size 16x16 (installed theme): Path: /home/websrp/.local/share/icons/hicolor/16x16/apps/smartsort-grey.png | Exist: False | Dimensions: N/A
2026-07-25 20:48:41,554 - INFO -   - Size 22x22 (installed theme): Path: /home/websrp/.local/share/icons/hicolor/22x22/apps/smartsort-grey.png | Exist: False | Dimensions: N/A
2026-07-25 20:48:41,554 - INFO -   - Size 24x24 (installed theme): Path: /home/websrp/.local/share/icons/hicolor/24x24/apps/smartsort-grey.png | Exist: False | Dimensions: N/A
2026-07-25 20:48:41,554 - INFO -   - Size 32x32 (installed theme): Path: /home/websrp/.local/share/icons/hicolor/32x32/apps/smartsort-grey.png | Exist: False | Dimensions: N/A
2026-07-25 20:48:41,554 - INFO -   - Size scalable (installed theme): Path: /home/websrp/.local/share/icons/hicolor/scalable/apps/smartsort-grey.png | Exist: False | Dimensions: N/A
2026-07-25 20:49:48,901 - ERROR - Failed to copy tray_green.png to /home/websrp/.local/share/icons/hicolor/16x16/apps/smartsort-green.png: [Errno 30] Read-only file system: '/home/websrp/.local/share/icons/hicolor/16x16/apps/smartsort-green.png'
2026-07-25 20:49:48,901 - ERROR - Failed to copy tray_blue.png to /home/websrp/.local/share/icons/hicolor/16x16/apps/smartsort-blue.png: [Errno 30] Read-only file system: '/home/websrp/.local/share/icons/hicolor/16x16/apps/smartsort-blue.png'
2026-07-25 20:49:48,901 - ERROR - Failed to copy tray_orange.png to /home/websrp/.local/share/icons/hicolor/16x16/apps/smartsort-orange.png: [Errno 30] Read-only file system: '/home/websrp/.local/share/icons/hicolor/16x16/apps/smartsort-orange.png'
2026-07-25 20:49:48,901 - ERROR - Failed to copy tray_red.png to /home/websrp/.local/share/icons/hicolor/16x16/apps/smartsort-red.png: [Errno 30] Read-only file system: '/home/websrp/.local/share/icons/hicolor/16x16/apps/smartsort-red.png'
2026-07-25 20:49:48,901 - ERROR - Failed to copy tray_grey.png to /home/websrp/.local/share/icons/hicolor/16x16/apps/smartsort-grey.png: [Errno 30] Read-only file system: '/home/websrp/.local/share/icons/hicolor/16x16/apps/smartsort-grey.png'
2026-07-25 20:49:48,902 - ERROR - Failed to copy tray_yellow.png to /home/websrp/.local/share/icons/hicolor/16x16/apps/smartsort-yellow.png: [Errno 30] Read-only file system: '/home/websrp/.local/share/icons/hicolor/16x16/apps/smartsort-yellow.png'
2026-07-25 20:49:48,904 - ERROR - Failed to copy tray_green.png to /home/websrp/.local/share/icons/hicolor/22x22/apps/smartsort-green.png: [Errno 30] Read-only file system: '/home/websrp/.local/share/icons/hicolor/22x22/apps/smartsort-green.png'
2026-07-25 20:49:48,904 - ERROR - Failed to copy tray_blue.png to /home/websrp/.local/share/icons/hicolor/22x22/apps/smartsort-blue.png: [Errno 30] Read-only file system: '/home/websrp/.local/share/icons/hicolor/22x22/apps/smartsort-blue.png'
2026-07-25 20:49:48,905 - ERROR - Failed to copy tray_orange.png to /home/websrp/.local/share/icons/hicolor/22x22/apps/smartsort-orange.png: [Errno 30] Read-only file system: '/home/websrp/.local/share/icons/hicolor/22x22/apps/smartsort-orange.png'
2026-07-25 20:49:48,905 - ERROR - Failed to copy tray_red.png to /home/websrp/.local/share/icons/hicolor/22x22/apps/smartsort-red.png: [Errno 30] Read-only file system: '/home/websrp/.local/share/icons/hicolor/22x22/apps/smartsort-red.png'
2026-07-25 20:49:48,905 - ERROR - Failed to copy tray_grey.png to /home/websrp/.local/share/icons/hicolor/22x22/apps/smartsort-grey.png: [Errno 30] Read-only file system: '/home/websrp/.local/share/icons/hicolor/22x22/apps/smartsort-grey.png'
2026-07-25 20:49:48,905 - ERROR - Failed to copy tray_yellow.png to /home/websrp/.local/share/icons/hicolor/22x22/apps/smartsort-yellow.png: [Errno 30] Read-only file system: '/home/websrp/.local/share/icons/hicolor/22x22/apps/smartsort-yellow.png'
2026-07-25 20:49:48,908 - ERROR - Failed to copy tray_green.png to /home/websrp/.local/share/icons/hicolor/24x24/apps/smartsort-green.png: [Errno 30] Read-only file system: '/home/websrp/.local/share/icons/hicolor/24x24/apps/smartsort-green.png'
2026-07-25 20:49:48,908 - ERROR - Failed to copy tray_blue.png to /home/websrp/.local/share/icons/hicolor/24x24/apps/smartsort-blue.png: [Errno 30] Read-only file system: '/home/websrp/.local/share/icons/hicolor/24x24/apps/smartsort-blue.png'
2026-07-25 20:49:48,908 - ERROR - Failed to copy tray_orange.png to /home/websrp/.local/share/icons/hicolor/24x24/apps/smartsort-orange.png: [Errno 30] Read-only file system: '/home/websrp/.local/share/icons/hicolor/24x24/apps/smartsort-orange.png'
2026-07-25 20:49:48,908 - ERROR - Failed to copy tray_red.png to /home/websrp/.local/share/icons/hicolor/24x24/apps/smartsort-red.png: [Errno 30] Read-only file system: '/home/websrp/.local/share/icons/hicolor/24x24/apps/smartsort-red.png'
2026-07-25 20:49:48,908 - ERROR - Failed to copy tray_grey.png to /home/websrp/.local/share/icons/hicolor/24x24/apps/smartsort-grey.png: [Errno 30] Read-only file system: '/home/websrp/.local/share/icons/hicolor/24x24/apps/smartsort-grey.png'
2026-07-25 20:49:48,908 - ERROR - Failed to copy tray_yellow.png to /home/websrp/.local/share/icons/hicolor/24x24/apps/smartsort-yellow.png: [Errno 30] Read-only file system: '/home/websrp/.local/share/icons/hicolor/24x24/apps/smartsort-yellow.png'
2026-07-25 20:49:48,911 - ERROR - Failed to copy tray_green.png to /home/websrp/.local/share/icons/hicolor/32x32/apps/smartsort-green.png: [Errno 30] Read-only file system: '/home/websrp/.local/share/icons/hicolor/32x32/apps/smartsort-green.png'
2026-07-25 20:49:48,911 - ERROR - Failed to copy tray_blue.png to /home/websrp/.local/share/icons/hicolor/32x32/apps/smartsort-blue.png: [Errno 30] Read-only file system: '/home/websrp/.local/share/icons/hicolor/32x32/apps/smartsort-blue.png'
2026-07-25 20:49:48,911 - ERROR - Failed to copy tray_orange.png to /home/websrp/.local/share/icons/hicolor/32x32/apps/smartsort-orange.png: [Errno 30] Read-only file system: '/home/websrp/.local/share/icons/hicolor/32x32/apps/smartsort-orange.png'
2026-07-25 20:49:48,911 - ERROR - Failed to copy tray_red.png to /home/websrp/.local/share/icons/hicolor/32x32/apps/smartsort-red.png: [Errno 30] Read-only file system: '/home/websrp/.local/share/icons/hicolor/32x32/apps/smartsort-red.png'
2026-07-25 20:49:48,911 - ERROR - Failed to copy tray_grey.png to /home/websrp/.local/share/icons/hicolor/32x32/apps/smartsort-grey.png: [Errno 30] Read-only file system: '/home/websrp/.local/share/icons/hicolor/32x32/apps/smartsort-grey.png'
2026-07-25 20:49:48,911 - ERROR - Failed to copy tray_yellow.png to /home/websrp/.local/share/icons/hicolor/32x32/apps/smartsort-yellow.png: [Errno 30] Read-only file system: '/home/websrp/.local/share/icons/hicolor/32x32/apps/smartsort-yellow.png'
2026-07-25 20:49:48,911 - ERROR - Failed to install user icon theme: [Errno 30] Read-only file system: '/home/websrp/.local/share/icons/hicolor/scalable/apps/smartsort.png'
2026-07-25 20:49:48,943 - ERROR - Failed to copy tray_green.png to /home/websrp/.local/share/icons/hicolor/16x16/apps/smartsort-green.png: [Errno 30] Read-only file system: '/home/websrp/.local/share/icons/hicolor/16x16/apps/smartsort-green.png'
2026-07-25 20:49:48,943 - ERROR - Failed to copy tray_blue.png to /home/websrp/.local/share/icons/hicolor/16x16/apps/smartsort-blue.png: [Errno 30] Read-only file system: '/home/websrp/.local/share/icons/hicolor/16x16/apps/smartsort-blue.png'
2026-07-25 20:49:48,943 - ERROR - Failed to copy tray_orange.png to /home/websrp/.local/share/icons/hicolor/16x16/apps/smartsort-orange.png: [Errno 30] Read-only file system: '/home/websrp/.local/share/icons/hicolor/16x16/apps/smartsort-orange.png'
2026-07-25 20:49:48,943 - ERROR - Failed to copy tray_red.png to /home/websrp/.local/share/icons/hicolor/16x16/apps/smartsort-red.png: [Errno 30] Read-only file system: '/home/websrp/.local/share/icons/hicolor/16x16/apps/smartsort-red.png'
2026-07-25 20:49:48,943 - ERROR - Failed to copy tray_grey.png to /home/websrp/.local/share/icons/hicolor/16x16/apps/smartsort-grey.png: [Errno 30] Read-only file system: '/home/websrp/.local/share/icons/hicolor/16x16/apps/smartsort-grey.png'
2026-07-25 20:49:48,943 - ERROR - Failed to copy tray_yellow.png to /home/websrp/.local/share/icons/hicolor/16x16/apps/smartsort-yellow.png: [Errno 30] Read-only file system: '/home/websrp/.local/share/icons/hicolor/16x16/apps/smartsort-yellow.png'
2026-07-25 20:49:48,946 - ERROR - Failed to copy tray_green.png to /home/websrp/.local/share/icons/hicolor/22x22/apps/smartsort-green.png: [Errno 30] Read-only file system: '/home/websrp/.local/share/icons/hicolor/22x22/apps/smartsort-green.png'
2026-07-25 20:49:48,946 - ERROR - Failed to copy tray_blue.png to /home/websrp/.local/share/icons/hicolor/22x22/apps/smartsort-blue.png: [Errno 30] Read-only file system: '/home/websrp/.local/share/icons/hicolor/22x22/apps/smartsort-blue.png'
2026-07-25 20:49:48,946 - ERROR - Failed to copy tray_orange.png to /home/websrp/.local/share/icons/hicolor/22x22/apps/smartsort-orange.png: [Errno 30] Read-only file system: '/home/websrp/.local/share/icons/hicolor/22x22/apps/smartsort-orange.png'
2026-07-25 20:49:48,947 - ERROR - Failed to copy tray_red.png to /home/websrp/.local/share/icons/hicolor/22x22/apps/smartsort-red.png: [Errno 30] Read-only file system: '/home/websrp/.local/share/icons/hicolor/22x22/apps/smartsort-red.png'
2026-07-25 20:49:48,947 - ERROR - Failed to copy tray_grey.png to /home/websrp/.local/share/icons/hicolor/22x22/apps/smartsort-grey.png: [Errno 30] Read-only file system: '/home/websrp/.local/share/icons/hicolor/22x22/apps/smartsort-grey.png'
2026-07-25 20:49:48,947 - ERROR - Failed to copy tray_yellow.png to /home/websrp/.local/share/icons/hicolor/22x22/apps/smartsort-yellow.png: [Errno 30] Read-only file system: '/home/websrp/.local/share/icons/hicolor/22x22/apps/smartsort-yellow.png'
2026-07-25 20:49:48,950 - ERROR - Failed to copy tray_green.png to /home/websrp/.local/share/icons/hicolor/24x24/apps/smartsort-green.png: [Errno 30] Read-only file system: '/home/websrp/.local/share/icons/hicolor/24x24/apps/smartsort-green.png'
2026-07-25 20:49:48,950 - ERROR - Failed to copy tray_blue.png to /home/websrp/.local/share/icons/hicolor/24x24/apps/smartsort-blue.png: [Errno 30] Read-only file system: '/home/websrp/.local/share/icons/hicolor/24x24/apps/smartsort-blue.png'
2026-07-25 20:49:48,950 - ERROR - Failed to copy tray_orange.png to /home/websrp/.local/share/icons/hicolor/24x24/apps/smartsort-orange.png: [Errno 30] Read-only file system: '/home/websrp/.local/share/icons/hicolor/24x24/apps/smartsort-orange.png'
2026-07-25 20:49:48,950 - ERROR - Failed to copy tray_red.png to /home/websrp/.local/share/icons/hicolor/24x24/apps/smartsort-red.png: [Errno 30] Read-only file system: '/home/websrp/.local/share/icons/hicolor/24x24/apps/smartsort-red.png'
2026-07-25 20:49:48,950 - ERROR - Failed to copy tray_grey.png to /home/websrp/.local/share/icons/hicolor/24x24/apps/smartsort-grey.png: [Errno 30] Read-only file system: '/home/websrp/.local/share/icons/hicolor/24x24/apps/smartsort-grey.png'
2026-07-25 20:49:48,950 - ERROR - Failed to copy tray_yellow.png to /home/websrp/.local/share/icons/hicolor/24x24/apps/smartsort-yellow.png: [Errno 30] Read-only file system: '/home/websrp/.local/share/icons/hicolor/24x24/apps/smartsort-yellow.png'
2026-07-25 20:49:48,953 - ERROR - Failed to copy tray_green.png to /home/websrp/.local/share/icons/hicolor/32x32/apps/smartsort-green.png: [Errno 30] Read-only file system: '/home/websrp/.local/share/icons/hicolor/32x32/apps/smartsort-green.png'
2026-07-25 20:49:48,953 - ERROR - Failed to copy tray_blue.png to /home/websrp/.local/share/icons/hicolor/32x32/apps/smartsort-blue.png: [Errno 30] Read-only file system: '/home/websrp/.local/share/icons/hicolor/32x32/apps/smartsort-blue.png'
2026-07-25 20:49:48,953 - ERROR - Failed to copy tray_orange.png to /home/websrp/.local/share/icons/hicolor/32x32/apps/smartsort-orange.png: [Errno 30] Read-only file system: '/home/websrp/.local/share/icons/hicolor/32x32/apps/smartsort-orange.png'
2026-07-25 20:49:48,953 - ERROR - Failed to copy tray_red.png to /home/websrp/.local/share/icons/hicolor/32x32/apps/smartsort-red.png: [Errno 30] Read-only file system: '/home/websrp/.local/share/icons/hicolor/32x32/apps/smartsort-red.png'
2026-07-25 20:49:48,953 - ERROR - Failed to copy tray_grey.png to /home/websrp/.local/share/icons/hicolor/32x32/apps/smartsort-grey.png: [Errno 30] Read-only file system: '/home/websrp/.local/share/icons/hicolor/32x32/apps/smartsort-grey.png'
2026-07-25 20:49:48,953 - ERROR - Failed to copy tray_yellow.png to /home/websrp/.local/share/icons/hicolor/32x32/apps/smartsort-yellow.png: [Errno 30] Read-only file system: '/home/websrp/.local/share/icons/hicolor/32x32/apps/smartsort-yellow.png'
2026-07-25 20:49:48,953 - ERROR - Failed to install user icon theme: [Errno 30] Read-only file system: '/home/websrp/.local/share/icons/hicolor/scalable/apps/smartsort.png'
2026-07-25 20:49:49,092 - INFO - Tray Icon Path Audit: Resolving absolute assets directory to /home/websrp/SmartSort/assets/icons
2026-07-25 20:49:49,093 - INFO - Tray Icon Audit - State: STARTUP | Loaded Method: fallback-files | isNull: False
2026-07-25 20:49:49,094 - INFO -   - Size 16x16 (installed theme): Path: /home/websrp/.local/share/icons/hicolor/16x16/apps/smartsort-yellow.png | Exist: False | Dimensions: N/A
2026-07-25 20:49:49,094 - INFO -   - Size 22x22 (installed theme): Path: /home/websrp/.local/share/icons/hicolor/22x22/apps/smartsort-yellow.png | Exist: False | Dimensions: N/A
2026-07-25 20:49:49,094 - INFO -   - Size 24x24 (installed theme): Path: /home/websrp/.local/share/icons/hicolor/24x24/apps/smartsort-yellow.png | Exist: False | Dimensions: N/A
2026-07-25 20:49:49,094 - INFO -   - Size 32x32 (installed theme): Path: /home/websrp/.local/share/icons/hicolor/32x32/apps/smartsort-yellow.png | Exist: False | Dimensions: N/A
2026-07-25 20:49:49,094 - INFO -   - Size scalable (installed theme): Path: /home/websrp/.local/share/icons/hicolor/scalable/apps/smartsort-yellow.png | Exist: False | Dimensions: N/A
2026-07-25 20:49:49,095 - INFO - Tray Icon Audit - State: IDLE | Loaded Method: fallback-files | isNull: False
2026-07-25 20:49:49,095 - INFO -   - Size 16x16 (installed theme): Path: /home/websrp/.local/share/icons/hicolor/16x16/apps/smartsort-green.png | Exist: False | Dimensions: N/A
2026-07-25 20:49:49,096 - INFO -   - Size 22x22 (installed theme): Path: /home/websrp/.local/share/icons/hicolor/22x22/apps/smartsort-green.png | Exist: False | Dimensions: N/A
2026-07-25 20:49:49,096 - INFO -   - Size 24x24 (installed theme): Path: /home/websrp/.local/share/icons/hicolor/24x24/apps/smartsort-green.png | Exist: False | Dimensions: N/A
2026-07-25 20:49:49,096 - INFO -   - Size 32x32 (installed theme): Path: /home/websrp/.local/share/icons/hicolor/32x32/apps/smartsort-green.png | Exist: False | Dimensions: N/A
2026-07-25 20:49:49,096 - INFO -   - Size scalable (installed theme): Path: /home/websrp/.local/share/icons/hicolor/scalable/apps/smartsort-green.png | Exist: False | Dimensions: N/A
2026-07-25 20:49:49,097 - INFO - Tray Icon Audit - State: PROCESSING_SMALL | Loaded Method: fallback-files | isNull: False
2026-07-25 20:49:49,097 - INFO -   - Size 16x16 (installed theme): Path: /home/websrp/.local/share/icons/hicolor/16x16/apps/smartsort-blue.png | Exist: False | Dimensions: N/A
2026-07-25 20:49:49,097 - INFO -   - Size 22x22 (installed theme): Path: /home/websrp/.local/share/icons/hicolor/22x22/apps/smartsort-blue.png | Exist: False | Dimensions: N/A
2026-07-25 20:49:49,097 - INFO -   - Size 24x24 (installed theme): Path: /home/websrp/.local/share/icons/hicolor/24x24/apps/smartsort-blue.png | Exist: False | Dimensions: N/A
2026-07-25 20:49:49,097 - INFO -   - Size 32x32 (installed theme): Path: /home/websrp/.local/share/icons/hicolor/32x32/apps/smartsort-blue.png | Exist: False | Dimensions: N/A
2026-07-25 20:49:49,097 - INFO -   - Size scalable (installed theme): Path: /home/websrp/.local/share/icons/hicolor/scalable/apps/smartsort-blue.png | Exist: False | Dimensions: N/A
2026-07-25 20:49:49,098 - INFO - Tray Icon Audit - State: PROCESSING_LARGE | Loaded Method: fallback-files | isNull: False
2026-07-25 20:49:49,098 - INFO -   - Size 16x16 (installed theme): Path: /home/websrp/.local/share/icons/hicolor/16x16/apps/smartsort-orange.png | Exist: False | Dimensions: N/A
2026-07-25 20:49:49,098 - INFO -   - Size 22x22 (installed theme): Path: /home/websrp/.local/share/icons/hicolor/22x22/apps/smartsort-orange.png | Exist: False | Dimensions: N/A
2026-07-25 20:49:49,098 - INFO -   - Size 24x24 (installed theme): Path: /home/websrp/.local/share/icons/hicolor/24x24/apps/smartsort-orange.png | Exist: False | Dimensions: N/A
2026-07-25 20:49:49,099 - INFO -   - Size 32x32 (installed theme): Path: /home/websrp/.local/share/icons/hicolor/32x32/apps/smartsort-orange.png | Exist: False | Dimensions: N/A
2026-07-25 20:49:49,099 - INFO -   - Size scalable (installed theme): Path: /home/websrp/.local/share/icons/hicolor/scalable/apps/smartsort-orange.png | Exist: False | Dimensions: N/A
2026-07-25 20:49:49,100 - INFO - Tray Icon Audit - State: ERROR | Loaded Method: fallback-files | isNull: False
2026-07-25 20:49:49,100 - INFO -   - Size 16x16 (installed theme): Path: /home/websrp/.local/share/icons/hicolor/16x16/apps/smartsort-red.png | Exist: False | Dimensions: N/A
2026-07-25 20:49:49,100 - INFO -   - Size 22x22 (installed theme): Path: /home/websrp/.local/share/icons/hicolor/22x22/apps/smartsort-red.png | Exist: False | Dimensions: N/A
2026-07-25 20:49:49,100 - INFO -   - Size 24x24 (installed theme): Path: /home/websrp/.local/share/icons/hicolor/24x24/apps/smartsort-red.png | Exist: False | Dimensions: N/A
2026-07-25 20:49:49,100 - INFO -   - Size 32x32 (installed theme): Path: /home/websrp/.local/share/icons/hicolor/32x32/apps/smartsort-red.png | Exist: False | Dimensions: N/A
2026-07-25 20:49:49,100 - INFO -   - Size scalable (installed theme): Path: /home/websrp/.local/share/icons/hicolor/scalable/apps/smartsort-red.png | Exist: False | Dimensions: N/A
2026-07-25 20:49:49,101 - INFO - Tray Icon Audit - State: PAUSED | Loaded Method: fallback-files | isNull: False
2026-07-25 20:49:49,101 - INFO -   - Size 16x16 (installed theme): Path: /home/websrp/.local/share/icons/hicolor/16x16/apps/smartsort-grey.png | Exist: False | Dimensions: N/A
2026-07-25 20:49:49,101 - INFO -   - Size 22x22 (installed theme): Path: /home/websrp/.local/share/icons/hicolor/22x22/apps/smartsort-grey.png | Exist: False | Dimensions: N/A
2026-07-25 20:49:49,101 - INFO -   - Size 24x24 (installed theme): Path: /home/websrp/.local/share/icons/hicolor/24x24/apps/smartsort-grey.png | Exist: False | Dimensions: N/A
2026-07-25 20:49:49,101 - INFO -   - Size 32x32 (installed theme): Path: /home/websrp/.local/share/icons/hicolor/32x32/apps/smartsort-grey.png | Exist: False | Dimensions: N/A
2026-07-25 20:49:49,101 - INFO -   - Size scalable (installed theme): Path: /home/websrp/.local/share/icons/hicolor/scalable/apps/smartsort-grey.png | Exist: False | Dimensions: N/A
2026-07-25 21:01:50,748 - ERROR - Failed to copy tray_green.png to /home/websrp/.local/share/icons/hicolor/16x16/apps/smartsort-green.png: [Errno 30] Read-only file system: '/home/websrp/.local/share/icons/hicolor/16x16/apps/smartsort-green.png'
2026-07-25 21:01:50,748 - ERROR - Failed to copy tray_blue.png to /home/websrp/.local/share/icons/hicolor/16x16/apps/smartsort-blue.png: [Errno 30] Read-only file system: '/home/websrp/.local/share/icons/hicolor/16x16/apps/smartsort-blue.png'
2026-07-25 21:01:50,748 - ERROR - Failed to copy tray_orange.png to /home/websrp/.local/share/icons/hicolor/16x16/apps/smartsort-orange.png: [Errno 30] Read-only file system: '/home/websrp/.local/share/icons/hicolor/16x16/apps/smartsort-orange.png'
2026-07-25 21:01:50,748 - ERROR - Failed to copy tray_red.png to /home/websrp/.local/share/icons/hicolor/16x16/apps/smartsort-red.png: [Errno 30] Read-only file system: '/home/websrp/.local/share/icons/hicolor/16x16/apps/smartsort-red.png'
2026-07-25 21:01:50,748 - ERROR - Failed to copy tray_grey.png to /home/websrp/.local/share/icons/hicolor/16x16/apps/smartsort-grey.png: [Errno 30] Read-only file system: '/home/websrp/.local/share/icons/hicolor/16x16/apps/smartsort-grey.png'
2026-07-25 21:01:50,748 - ERROR - Failed to copy tray_yellow.png to /home/websrp/.local/share/icons/hicolor/16x16/apps/smartsort-yellow.png: [Errno 30] Read-only file system: '/home/websrp/.local/share/icons/hicolor/16x16/apps/smartsort-yellow.png'
2026-07-25 21:01:50,751 - ERROR - Failed to copy tray_green.png to /home/websrp/.local/share/icons/hicolor/22x22/apps/smartsort-green.png: [Errno 30] Read-only file system: '/home/websrp/.local/share/icons/hicolor/22x22/apps/smartsort-green.png'
2026-07-25 21:01:50,751 - ERROR - Failed to copy tray_blue.png to /home/websrp/.local/share/icons/hicolor/22x22/apps/smartsort-blue.png: [Errno 30] Read-only file system: '/home/websrp/.local/share/icons/hicolor/22x22/apps/smartsort-blue.png'
2026-07-25 21:01:50,751 - ERROR - Failed to copy tray_orange.png to /home/websrp/.local/share/icons/hicolor/22x22/apps/smartsort-orange.png: [Errno 30] Read-only file system: '/home/websrp/.local/share/icons/hicolor/22x22/apps/smartsort-orange.png'
2026-07-25 21:01:50,752 - ERROR - Failed to copy tray_red.png to /home/websrp/.local/share/icons/hicolor/22x22/apps/smartsort-red.png: [Errno 30] Read-only file system: '/home/websrp/.local/share/icons/hicolor/22x22/apps/smartsort-red.png'
2026-07-25 21:01:50,752 - ERROR - Failed to copy tray_grey.png to /home/websrp/.local/share/icons/hicolor/22x22/apps/smartsort-grey.png: [Errno 30] Read-only file system: '/home/websrp/.local/share/icons/hicolor/22x22/apps/smartsort-grey.png'
2026-07-25 21:01:50,752 - ERROR - Failed to copy tray_yellow.png to /home/websrp/.local/share/icons/hicolor/22x22/apps/smartsort-yellow.png: [Errno 30] Read-only file system: '/home/websrp/.local/share/icons/hicolor/22x22/apps/smartsort-yellow.png'
2026-07-25 21:01:50,754 - ERROR - Failed to copy tray_green.png to /home/websrp/.local/share/icons/hicolor/24x24/apps/smartsort-green.png: [Errno 30] Read-only file system: '/home/websrp/.local/share/icons/hicolor/24x24/apps/smartsort-green.png'
2026-07-25 21:01:50,755 - ERROR - Failed to copy tray_blue.png to /home/websrp/.local/share/icons/hicolor/24x24/apps/smartsort-blue.png: [Errno 30] Read-only file system: '/home/websrp/.local/share/icons/hicolor/24x24/apps/smartsort-blue.png'
2026-07-25 21:01:50,755 - ERROR - Failed to copy tray_orange.png to /home/websrp/.local/share/icons/hicolor/24x24/apps/smartsort-orange.png: [Errno 30] Read-only file system: '/home/websrp/.local/share/icons/hicolor/24x24/apps/smartsort-orange.png'
2026-07-25 21:01:50,755 - ERROR - Failed to copy tray_red.png to /home/websrp/.local/share/icons/hicolor/24x24/apps/smartsort-red.png: [Errno 30] Read-only file system: '/home/websrp/.local/share/icons/hicolor/24x24/apps/smartsort-red.png'
2026-07-25 21:01:50,755 - ERROR - Failed to copy tray_grey.png to /home/websrp/.local/share/icons/hicolor/24x24/apps/smartsort-grey.png: [Errno 30] Read-only file system: '/home/websrp/.local/share/icons/hicolor/24x24/apps/smartsort-grey.png'
2026-07-25 21:01:50,755 - ERROR - Failed to copy tray_yellow.png to /home/websrp/.local/share/icons/hicolor/24x24/apps/smartsort-yellow.png: [Errno 30] Read-only file system: '/home/websrp/.local/share/icons/hicolor/24x24/apps/smartsort-yellow.png'
2026-07-25 21:01:50,758 - ERROR - Failed to copy tray_green.png to /home/websrp/.local/share/icons/hicolor/32x32/apps/smartsort-green.png: [Errno 30] Read-only file system: '/home/websrp/.local/share/icons/hicolor/32x32/apps/smartsort-green.png'
2026-07-25 21:01:50,758 - ERROR - Failed to copy tray_blue.png to /home/websrp/.local/share/icons/hicolor/32x32/apps/smartsort-blue.png: [Errno 30] Read-only file system: '/home/websrp/.local/share/icons/hicolor/32x32/apps/smartsort-blue.png'
2026-07-25 21:01:50,758 - ERROR - Failed to copy tray_orange.png to /home/websrp/.local/share/icons/hicolor/32x32/apps/smartsort-orange.png: [Errno 30] Read-only file system: '/home/websrp/.local/share/icons/hicolor/32x32/apps/smartsort-orange.png'
2026-07-25 21:01:50,758 - ERROR - Failed to copy tray_red.png to /home/websrp/.local/share/icons/hicolor/32x32/apps/smartsort-red.png: [Errno 30] Read-only file system: '/home/websrp/.local/share/icons/hicolor/32x32/apps/smartsort-red.png'
2026-07-25 21:01:50,758 - ERROR - Failed to copy tray_grey.png to /home/websrp/.local/share/icons/hicolor/32x32/apps/smartsort-grey.png: [Errno 30] Read-only file system: '/home/websrp/.local/share/icons/hicolor/32x32/apps/smartsort-grey.png'
2026-07-25 21:01:50,758 - ERROR - Failed to copy tray_yellow.png to /home/websrp/.local/share/icons/hicolor/32x32/apps/smartsort-yellow.png: [Errno 30] Read-only file system: '/home/websrp/.local/share/icons/hicolor/32x32/apps/smartsort-yellow.png'
2026-07-25 21:01:50,758 - ERROR - Failed to install user icon theme: [Errno 30] Read-only file system: '/home/websrp/.local/share/icons/hicolor/scalable/apps/smartsort.png'
2026-07-25 21:01:50,791 - ERROR - Failed to copy tray_green.png to /home/websrp/.local/share/icons/hicolor/16x16/apps/smartsort-green.png: [Errno 30] Read-only file system: '/home/websrp/.local/share/icons/hicolor/16x16/apps/smartsort-green.png'
2026-07-25 21:01:50,792 - ERROR - Failed to copy tray_blue.png to /home/websrp/.local/share/icons/hicolor/16x16/apps/smartsort-blue.png: [Errno 30] Read-only file system: '/home/websrp/.local/share/icons/hicolor/16x16/apps/smartsort-blue.png'
2026-07-25 21:01:50,792 - ERROR - Failed to copy tray_orange.png to /home/websrp/.local/share/icons/hicolor/16x16/apps/smartsort-orange.png: [Errno 30] Read-only file system: '/home/websrp/.local/share/icons/hicolor/16x16/apps/smartsort-orange.png'
2026-07-25 21:01:50,792 - ERROR - Failed to copy tray_red.png to /home/websrp/.local/share/icons/hicolor/16x16/apps/smartsort-red.png: [Errno 30] Read-only file system: '/home/websrp/.local/share/icons/hicolor/16x16/apps/smartsort-red.png'
2026-07-25 21:01:50,792 - ERROR - Failed to copy tray_grey.png to /home/websrp/.local/share/icons/hicolor/16x16/apps/smartsort-grey.png: [Errno 30] Read-only file system: '/home/websrp/.local/share/icons/hicolor/16x16/apps/smartsort-grey.png'
2026-07-25 21:01:50,792 - ERROR - Failed to copy tray_yellow.png to /home/websrp/.local/share/icons/hicolor/16x16/apps/smartsort-yellow.png: [Errno 30] Read-only file system: '/home/websrp/.local/share/icons/hicolor/16x16/apps/smartsort-yellow.png'
2026-07-25 21:01:50,795 - ERROR - Failed to copy tray_green.png to /home/websrp/.local/share/icons/hicolor/22x22/apps/smartsort-green.png: [Errno 30] Read-only file system: '/home/websrp/.local/share/icons/hicolor/22x22/apps/smartsort-green.png'
2026-07-25 21:01:50,795 - ERROR - Failed to copy tray_blue.png to /home/websrp/.local/share/icons/hicolor/22x22/apps/smartsort-blue.png: [Errno 30] Read-only file system: '/home/websrp/.local/share/icons/hicolor/22x22/apps/smartsort-blue.png'
2026-07-25 21:01:50,795 - ERROR - Failed to copy tray_orange.png to /home/websrp/.local/share/icons/hicolor/22x22/apps/smartsort-orange.png: [Errno 30] Read-only file system: '/home/websrp/.local/share/icons/hicolor/22x22/apps/smartsort-orange.png'
2026-07-25 21:01:50,795 - ERROR - Failed to copy tray_red.png to /home/websrp/.local/share/icons/hicolor/22x22/apps/smartsort-red.png: [Errno 30] Read-only file system: '/home/websrp/.local/share/icons/hicolor/22x22/apps/smartsort-red.png'
2026-07-25 21:01:50,795 - ERROR - Failed to copy tray_grey.png to /home/websrp/.local/share/icons/hicolor/22x22/apps/smartsort-grey.png: [Errno 30] Read-only file system: '/home/websrp/.local/share/icons/hicolor/22x22/apps/smartsort-grey.png'
2026-07-25 21:01:50,795 - ERROR - Failed to copy tray_yellow.png to /home/websrp/.local/share/icons/hicolor/22x22/apps/smartsort-yellow.png: [Errno 30] Read-only file system: '/home/websrp/.local/share/icons/hicolor/22x22/apps/smartsort-yellow.png'
2026-07-25 21:01:50,798 - ERROR - Failed to copy tray_green.png to /home/websrp/.local/share/icons/hicolor/24x24/apps/smartsort-green.png: [Errno 30] Read-only file system: '/home/websrp/.local/share/icons/hicolor/24x24/apps/smartsort-green.png'
2026-07-25 21:01:50,798 - ERROR - Failed to copy tray_blue.png to /home/websrp/.local/share/icons/hicolor/24x24/apps/smartsort-blue.png: [Errno 30] Read-only file system: '/home/websrp/.local/share/icons/hicolor/24x24/apps/smartsort-blue.png'
2026-07-25 21:01:50,798 - ERROR - Failed to copy tray_orange.png to /home/websrp/.local/share/icons/hicolor/24x24/apps/smartsort-orange.png: [Errno 30] Read-only file system: '/home/websrp/.local/share/icons/hicolor/24x24/apps/smartsort-orange.png'
2026-07-25 21:01:50,798 - ERROR - Failed to copy tray_red.png to /home/websrp/.local/share/icons/hicolor/24x24/apps/smartsort-red.png: [Errno 30] Read-only file system: '/home/websrp/.local/share/icons/hicolor/24x24/apps/smartsort-red.png'
2026-07-25 21:01:50,798 - ERROR - Failed to copy tray_grey.png to /home/websrp/.local/share/icons/hicolor/24x24/apps/smartsort-grey.png: [Errno 30] Read-only file system: '/home/websrp/.local/share/icons/hicolor/24x24/apps/smartsort-grey.png'
2026-07-25 21:01:50,798 - ERROR - Failed to copy tray_yellow.png to /home/websrp/.local/share/icons/hicolor/24x24/apps/smartsort-yellow.png: [Errno 30] Read-only file system: '/home/websrp/.local/share/icons/hicolor/24x24/apps/smartsort-yellow.png'
2026-07-25 21:01:50,801 - ERROR - Failed to copy tray_green.png to /home/websrp/.local/share/icons/hicolor/32x32/apps/smartsort-green.png: [Errno 30] Read-only file system: '/home/websrp/.local/share/icons/hicolor/32x32/apps/smartsort-green.png'
2026-07-25 21:01:50,801 - ERROR - Failed to copy tray_blue.png to /home/websrp/.local/share/icons/hicolor/32x32/apps/smartsort-blue.png: [Errno 30] Read-only file system: '/home/websrp/.local/share/icons/hicolor/32x32/apps/smartsort-blue.png'
2026-07-25 21:01:50,801 - ERROR - Failed to copy tray_orange.png to /home/websrp/.local/share/icons/hicolor/32x32/apps/smartsort-orange.png: [Errno 30] Read-only file system: '/home/websrp/.local/share/icons/hicolor/32x32/apps/smartsort-orange.png'
2026-07-25 21:01:50,801 - ERROR - Failed to copy tray_red.png to /home/websrp/.local/share/icons/hicolor/32x32/apps/smartsort-red.png: [Errno 30] Read-only file system: '/home/websrp/.local/share/icons/hicolor/32x32/apps/smartsort-red.png'
2026-07-25 21:01:50,802 - ERROR - Failed to copy tray_grey.png to /home/websrp/.local/share/icons/hicolor/32x32/apps/smartsort-grey.png: [Errno 30] Read-only file system: '/home/websrp/.local/share/icons/hicolor/32x32/apps/smartsort-grey.png'
2026-07-25 21:01:50,802 - ERROR - Failed to copy tray_yellow.png to /home/websrp/.local/share/icons/hicolor/32x32/apps/smartsort-yellow.png: [Errno 30] Read-only file system: '/home/websrp/.local/share/icons/hicolor/32x32/apps/smartsort-yellow.png'
2026-07-25 21:01:50,802 - ERROR - Failed to install user icon theme: [Errno 30] Read-only file system: '/home/websrp/.local/share/icons/hicolor/scalable/apps/smartsort.png'
2026-07-25 21:01:50,929 - INFO - Tray Icon Path Audit: Resolving absolute assets directory to /home/websrp/SmartSort/assets/icons
2026-07-25 21:01:50,930 - INFO - Tray Icon Audit - State: STARTUP | Loaded Method: fallback-files | isNull: False
2026-07-25 21:01:50,930 - INFO -   - Size 16x16 (installed theme): Path: /home/websrp/.local/share/icons/hicolor/16x16/apps/smartsort-yellow.png | Exist: False | Dimensions: N/A
2026-07-25 21:01:50,931 - INFO -   - Size 22x22 (installed theme): Path: /home/websrp/.local/share/icons/hicolor/22x22/apps/smartsort-yellow.png | Exist: False | Dimensions: N/A
2026-07-25 21:01:50,931 - INFO -   - Size 24x24 (installed theme): Path: /home/websrp/.local/share/icons/hicolor/24x24/apps/smartsort-yellow.png | Exist: False | Dimensions: N/A
2026-07-25 21:01:50,931 - INFO -   - Size 32x32 (installed theme): Path: /home/websrp/.local/share/icons/hicolor/32x32/apps/smartsort-yellow.png | Exist: False | Dimensions: N/A
2026-07-25 21:01:50,931 - INFO -   - Size scalable (installed theme): Path: /home/websrp/.local/share/icons/hicolor/scalable/apps/smartsort-yellow.png | Exist: False | Dimensions: N/A
2026-07-25 21:01:50,932 - INFO - Tray Icon Audit - State: IDLE | Loaded Method: fallback-files | isNull: False
2026-07-25 21:01:50,932 - INFO -   - Size 16x16 (installed theme): Path: /home/websrp/.local/share/icons/hicolor/16x16/apps/smartsort-green.png | Exist: False | Dimensions: N/A
2026-07-25 21:01:50,932 - INFO -   - Size 22x22 (installed theme): Path: /home/websrp/.local/share/icons/hicolor/22x22/apps/smartsort-green.png | Exist: False | Dimensions: N/A
2026-07-25 21:01:50,932 - INFO -   - Size 24x24 (installed theme): Path: /home/websrp/.local/share/icons/hicolor/24x24/apps/smartsort-green.png | Exist: False | Dimensions: N/A
2026-07-25 21:01:50,932 - INFO -   - Size 32x32 (installed theme): Path: /home/websrp/.local/share/icons/hicolor/32x32/apps/smartsort-green.png | Exist: False | Dimensions: N/A
2026-07-25 21:01:50,932 - INFO -   - Size scalable (installed theme): Path: /home/websrp/.local/share/icons/hicolor/scalable/apps/smartsort-green.png | Exist: False | Dimensions: N/A
2026-07-25 21:01:50,933 - INFO - Tray Icon Audit - State: PROCESSING_SMALL | Loaded Method: fallback-files | isNull: False
2026-07-25 21:01:50,934 - INFO -   - Size 16x16 (installed theme): Path: /home/websrp/.local/share/icons/hicolor/16x16/apps/smartsort-blue.png | Exist: False | Dimensions: N/A
2026-07-25 21:01:50,934 - INFO -   - Size 22x22 (installed theme): Path: /home/websrp/.local/share/icons/hicolor/22x22/apps/smartsort-blue.png | Exist: False | Dimensions: N/A
2026-07-25 21:01:50,934 - INFO -   - Size 24x24 (installed theme): Path: /home/websrp/.local/share/icons/hicolor/24x24/apps/smartsort-blue.png | Exist: False | Dimensions: N/A
2026-07-25 21:01:50,934 - INFO -   - Size 32x32 (installed theme): Path: /home/websrp/.local/share/icons/hicolor/32x32/apps/smartsort-blue.png | Exist: False | Dimensions: N/A
2026-07-25 21:01:50,934 - INFO -   - Size scalable (installed theme): Path: /home/websrp/.local/share/icons/hicolor/scalable/apps/smartsort-blue.png | Exist: False | Dimensions: N/A
2026-07-25 21:01:50,935 - INFO - Tray Icon Audit - State: PROCESSING_LARGE | Loaded Method: fallback-files | isNull: False
2026-07-25 21:01:50,935 - INFO -   - Size 16x16 (installed theme): Path: /home/websrp/.local/share/icons/hicolor/16x16/apps/smartsort-orange.png | Exist: False | Dimensions: N/A
2026-07-25 21:01:50,935 - INFO -   - Size 22x22 (installed theme): Path: /home/websrp/.local/share/icons/hicolor/22x22/apps/smartsort-orange.png | Exist: False | Dimensions: N/A
2026-07-25 21:01:50,936 - INFO -   - Size 24x24 (installed theme): Path: /home/websrp/.local/share/icons/hicolor/24x24/apps/smartsort-orange.png | Exist: False | Dimensions: N/A
2026-07-25 21:01:50,936 - INFO -   - Size 32x32 (installed theme): Path: /home/websrp/.local/share/icons/hicolor/32x32/apps/smartsort-orange.png | Exist: False | Dimensions: N/A
2026-07-25 21:01:50,936 - INFO -   - Size scalable (installed theme): Path: /home/websrp/.local/share/icons/hicolor/scalable/apps/smartsort-orange.png | Exist: False | Dimensions: N/A
2026-07-25 21:01:50,937 - INFO - Tray Icon Audit - State: ERROR | Loaded Method: fallback-files | isNull: False
2026-07-25 21:01:50,937 - INFO -   - Size 16x16 (installed theme): Path: /home/websrp/.local/share/icons/hicolor/16x16/apps/smartsort-red.png | Exist: False | Dimensions: N/A
2026-07-25 21:01:50,937 - INFO -   - Size 22x22 (installed theme): Path: /home/websrp/.local/share/icons/hicolor/22x22/apps/smartsort-red.png | Exist: False | Dimensions: N/A
2026-07-25 21:01:50,937 - INFO -   - Size 24x24 (installed theme): Path: /home/websrp/.local/share/icons/hicolor/24x24/apps/smartsort-red.png | Exist: False | Dimensions: N/A
2026-07-25 21:01:50,937 - INFO -   - Size 32x32 (installed theme): Path: /home/websrp/.local/share/icons/hicolor/32x32/apps/smartsort-red.png | Exist: False | Dimensions: N/A
2026-07-25 21:01:50,937 - INFO -   - Size scalable (installed theme): Path: /home/websrp/.local/share/icons/hicolor/scalable/apps/smartsort-red.png | Exist: False | Dimensions: N/A
2026-07-25 21:01:50,938 - INFO - Tray Icon Audit - State: PAUSED | Loaded Method: fallback-files | isNull: False
2026-07-25 21:01:50,938 - INFO -   - Size 16x16 (installed theme): Path: /home/websrp/.local/share/icons/hicolor/16x16/apps/smartsort-grey.png | Exist: False | Dimensions: N/A
2026-07-25 21:01:50,938 - INFO -   - Size 22x22 (installed theme): Path: /home/websrp/.local/share/icons/hicolor/22x22/apps/smartsort-grey.png | Exist: False | Dimensions: N/A
2026-07-25 21:01:50,938 - INFO -   - Size 24x24 (installed theme): Path: /home/websrp/.local/share/icons/hicolor/24x24/apps/smartsort-grey.png | Exist: False | Dimensions: N/A
2026-07-25 21:01:50,938 - INFO -   - Size 32x32 (installed theme): Path: /home/websrp/.local/share/icons/hicolor/32x32/apps/smartsort-grey.png | Exist: False | Dimensions: N/A
2026-07-25 21:01:50,938 - INFO -   - Size scalable (installed theme): Path: /home/websrp/.local/share/icons/hicolor/scalable/apps/smartsort-grey.png | Exist: False | Dimensions: N/A
